Component: Arm Compiler for Embedded 6.19 Tool: armlink [5e73cb00]

==============================================================================

Section Cross References

    tutorial.o(.text.get_number_from_keypad) refers to tutorial.o(.text.Delay) for Delay
    tutorial.o(.text.get_number_from_keypad) refers to tutorial.o(.text.keypad_getkey) for keypad_getkey
    tutorial.o(.text.get_number_from_keypad) refers to tutorial.o(.text.LCD_data) for LCD_data
    tutorial.o(.ARM.exidx.text.get_number_from_keypad) refers to tutorial.o(.text.get_number_from_keypad) for [Anonymous Symbol]
    tutorial.o(.ARM.exidx.text.Delay) refers to tutorial.o(.text.Delay) for [Anonymous Symbol]
    tutorial.o(.text.keypad_getkey) refers to tutorial.o(.text.Delay) for Delay
    tutorial.o(.ARM.exidx.text.keypad_getkey) refers to tutorial.o(.text.keypad_getkey) for [Anonymous Symbol]
    tutorial.o(.text.LCD_data) refers to tutorial.o(.text.LCD_ready) for LCD_ready
    tutorial.o(.text.LCD_data) refers to tutorial.o(.text.Delay) for Delay
    tutorial.o(.ARM.exidx.text.LCD_data) refers to tutorial.o(.text.LCD_data) for [Anonymous Symbol]
    tutorial.o(.text.read_to_buffer) refers to tutorial.o(.text.keypad_getkey) for keypad_getkey
    tutorial.o(.text.read_to_buffer) refers to tutorial.o(.text.Delay) for Delay
    tutorial.o(.text.read_to_buffer) refers to tutorial.o(.text.clear_lcd) for clear_lcd
    tutorial.o(.text.read_to_buffer) refers to tutorial.o(.text.print_fnc) for print_fnc
    tutorial.o(.ARM.exidx.text.read_to_buffer) refers to tutorial.o(.text.read_to_buffer) for [Anonymous Symbol]
    tutorial.o(.text.clear_lcd) refers to tutorial.o(.text.LCD_command) for LCD_command
    tutorial.o(.text.clear_lcd) refers to tutorial.o(.text.LCD_data) for LCD_data
    tutorial.o(.ARM.exidx.text.clear_lcd) refers to tutorial.o(.text.clear_lcd) for [Anonymous Symbol]
    tutorial.o(.text.print_fnc) refers to tutorial.o(.text.LCD_data) for LCD_data
    tutorial.o(.ARM.exidx.text.print_fnc) refers to tutorial.o(.text.print_fnc) for [Anonymous Symbol]
    tutorial.o(.text.print_to_arr) refers to ffixi.o(.text) for __aeabi_f2iz
    tutorial.o(.text.print_to_arr) refers to fflti.o(.text) for __aeabi_i2f
    tutorial.o(.text.print_to_arr) refers to faddsub.o(x$fpl$fsub) for __aeabi_fsub
    tutorial.o(.text.print_to_arr) refers to fmul.o(x$fpl$fmul) for __aeabi_fmul
    tutorial.o(.text.print_to_arr) refers to aeabi_sdiv.o(.text) for __aeabi_idiv
    tutorial.o(.ARM.exidx.text.print_to_arr) refers to tutorial.o(.text.print_to_arr) for [Anonymous Symbol]
    tutorial.o(.text.blink) refers to tutorial.o(.text.Delay) for Delay
    tutorial.o(.ARM.exidx.text.blink) refers to tutorial.o(.text.blink) for [Anonymous Symbol]
    tutorial.o(.text.LCD_command) refers to tutorial.o(.text.LCD_ready) for LCD_ready
    tutorial.o(.text.LCD_command) refers to tutorial.o(.text.Delay) for Delay
    tutorial.o(.ARM.exidx.text.LCD_command) refers to tutorial.o(.text.LCD_command) for [Anonymous Symbol]
    tutorial.o(.text.LCD_init) refers to tutorial.o(.text.LCD_command) for LCD_command
    tutorial.o(.ARM.exidx.text.LCD_init) refers to tutorial.o(.text.LCD_init) for [Anonymous Symbol]
    tutorial.o(.text.LCD_ready) refers to tutorial.o(.text.Delay) for Delay
    tutorial.o(.ARM.exidx.text.LCD_ready) refers to tutorial.o(.text.LCD_ready) for [Anonymous Symbol]
    tutorial.o(.ARM.exidx.text.keypad_init) refers to tutorial.o(.text.keypad_init) for [Anonymous Symbol]
    tutorial.o(.text.main) refers to tutorial.o(.text.LCD_init) for LCD_init
    tutorial.o(.text.main) refers to tutorial.o(.text.keypad_init) for keypad_init
    tutorial.o(.text.main) refers to tutorial.o(.text.print_fnc) for print_fnc
    tutorial.o(.text.main) refers to tutorial.o(.text.get_number_from_keypad) for get_number_from_keypad
    tutorial.o(.text.main) refers to tutorial.o(.text.clear_lcd) for clear_lcd
    tutorial.o(.text.main) refers to tutorial.o(.text.Delay) for Delay
    tutorial.o(.text.main) refers to tutorial.o(.text.LCD_command) for LCD_command
    tutorial.o(.text.main) refers to aeabi_sdiv.o(.text) for __aeabi_idiv
    tutorial.o(.text.main) refers to tutorial.o(.text.generate_keypair) for generate_keypair
    tutorial.o(.text.main) refers to tutorial.o(.text.power) for power
    tutorial.o(.text.main) refers to sprintf.o(.text) for sprintf
    tutorial.o(.text.main) refers to tutorial.o(.text.blink) for blink
    tutorial.o(.text.main) refers to tutorial.o(.rodata.str1.1) for [Anonymous Symbol]
    tutorial.o(.ARM.exidx.text.main) refers to tutorial.o(.text.main) for [Anonymous Symbol]
    tutorial.o(.text.generate_keypair) refers to tutorial.o(.text.gcd) for gcd
    tutorial.o(.text.generate_keypair) refers to tutorial.o(.text.mod_inverse) for mod_inverse
    tutorial.o(.ARM.exidx.text.generate_keypair) refers to tutorial.o(.text.generate_keypair) for [Anonymous Symbol]
[...]
    defsig_pvfn_inner.o(.text) refers to defsig_general.o(.text) for __default_signal_display
    defsig_cppl_inner.o(.text) refers to defsig_general.o(.text) for __default_signal_display
    defsig_segv_inner.o(.text) refers to defsig_general.o(.text) for __default_signal_display
    defsig_other.o(.text) refers to defsig_general.o(.text) for __default_signal_display


==============================================================================

Removing Unused input sections from the image.

    Removing tutorial.o(.text), (0 bytes).
    Removing tutorial.o(.ARM.exidx.text.get_number_from_keypad), (8 bytes).
    Removing tutorial.o(.ARM.exidx.text.Delay), (8 bytes).
    Removing tutorial.o(.ARM.exidx.text.keypad_getkey), (8 bytes).
    Removing tutorial.o(.ARM.exidx.text.LCD_data), (8 bytes).
    Removing tutorial.o(.text.read_to_buffer), (280 bytes).
    Removing tutorial.o(.ARM.exidx.text.read_to_buffer), (8 bytes).
    Removing tutorial.o(.ARM.exidx.text.clear_lcd), (8 bytes).
    Removing tutorial.o(.ARM.exidx.text.print_fnc), (8 bytes).
    Removing tutorial.o(.text.print_to_arr), (304 bytes).
    Removing tutorial.o(.ARM.exidx.text.print_to_arr), (8 bytes).
    Removing tutorial.o(.ARM.exidx.text.blink), (8 bytes).
    Removing tutorial.o(.ARM.exidx.text.LCD_command), (8 bytes).
    Removing tutorial.o(.ARM.exidx.text.LCD_init), (8 bytes).
    Removing tutorial.o(.ARM.exidx.text.LCD_ready), (8 bytes).
    Removing tutorial.o(.ARM.exidx.text.keypad_init), (8 bytes).
    Removing tutorial.o(.ARM.exidx.text.main), (8 bytes).
    Removing tutorial.o(.ARM.exidx.text.generate_keypair), (8 bytes).
    Removing tutorial.o(.ARM.exidx.text.power), (8 bytes).
    Removing tutorial.o(.ARM.exidx.text.gcd), (8 bytes).
    Removing tutorial.o(.ARM.exidx.text.mod_inverse), (8 bytes).
    Removing tutorial.o(.rodata.cst16), (32 bytes).
    Removing tutorial.o(.rodata.cst4), (4 bytes).
    Removing tutorial.o(.ARM.use_no_argv), (4 bytes).
    Removing system_mkl25z4.o(.text), (0 bytes).
    Removing system_mkl25z4.o(.ARM.exidx.text.SystemInit), (8 bytes).
    Removing system_mkl25z4.o(.text.SystemCoreClockUpdate), (556 bytes).
    Removing system_mkl25z4.o(.ARM.exidx.text.SystemCoreClockUpdate), (8 bytes).
    Removing system_mkl25z4.o(.data.SystemCoreClock), (4 bytes).

29 unused section(s) (total 1344 bytes) removed from the image.

==============================================================================

Image Symbol Table

    Local Symbols

    Symbol Name                              Value     Ov Type        Size  Object(Section)

    ../clib/angel/boardlib.s                 0x00000000   Number         0  boardinit1.o ABSOLUTE
    ../clib/angel/boardlib.s                 0x00000000   Number         0  boardinit2.o ABSOLUTE
    ../clib/angel/boardlib.s                 0x00000000   Number         0  boardinit3.o ABSOLUTE
    ../clib/angel/boardlib.s                 0x00000000   Number         0  boardshut.o ABSOLUTE
    ../clib/angel/handlers.s                 0x00000000   Number         0  __scatter_zi.o ABSOLUTE
    ../clib/angel/kernel.s                   0x00000000   Number         0  __rtentry.o ABSOLUTE
    ../clib/angel/kernel.s                   0x00000000   Number         0  __rtentry2.o ABSOLUTE
    ../clib/angel/kernel.s                   0x00000000   Number         0  __rtentry4.o ABSOLUTE
    ../clib/angel/kernel.s                   0x00000000   Number         0  rtexit.o ABSOLUTE
    ../clib/angel/kernel.s                   0x00000000   Number         0  rtexit2.o ABSOLUTE
    ../clib/angel/rt.s                       0x00000000   Number         0  aeabi_idiv0.o ABSOLUTE
    ../clib/angel/rt.s                       0x00000000   Number         0  aeabi_idiv0_sigfpe.o ABSOLUTE
    ../clib/angel/rt.s                       0x00000000   Number         0  rt_div0.o ABSOLUTE
    ../clib/angel/rt.s                       0x00000000   Number         0  rt_ctype_table.o ABSOLUTE
    ../clib/angel/rt.s                       0x00000000   Number         0  rt_locale.o ABSOLUTE
    ../clib/angel/rt.s                       0x00000000   Number         0  rt_locale_intlibspace.o ABSOLUTE
    ../clib/angel/rt.s                       0x00000000   Number         0  rt_raise.o ABSOLUTE
    ../clib/angel/scatterp.s                 0x00000000   Number         0  __scatter.o ABSOLUTE
    ../clib/angel/startup.s                  0x00000000   Number         0  __main.o ABSOLUTE
    ../clib/angel/sys.s                      0x00000000   Number         0  sys_stackheap_outer.o ABSOLUTE
    ../clib/angel/sys.s                      0x00000000   Number         0  libspace.o ABSOLUTE
    ../clib/angel/sys.s                      0x00000000   Number         0  tempstk.o ABSOLUTE
    ../clib/angel/sys.s                      0x00000000   Number         0  use_no_semi.o ABSOLUTE
    ../clib/angel/sys.s                      0x00000000   Number         0  indicate_semi.o ABSOLUTE
    ../clib/angel/sysapp.c                   0x00000000   Number         0  sys_exit.o ABSOLUTE
    ../clib/angel/sysapp.c                   0x00000000   Number         0  sys_exit_hlt.o ABSOLUTE
    ../clib/angel/sysapp.c                   0x00000000   Number         0  sys_wrch.o ABSOLUTE
    ../clib/angel/sysapp.c                   0x00000000   Number         0  sys_wrch_hlt.o ABSOLUTE
    ../clib/angel/sysapp.c                   0x00000000   Number         0  sys_command.o ABSOLUTE
    ../clib/angel/sysapp.c                   0x00000000   Number         0  sys_command_hlt.o ABSOLUTE
    ../clib/armsys.c                         0x00000000   Number         0  argv_veneer.o ABSOLUTE
    ../clib/armsys.c                         0x00000000   Number         0  _get_argv_nomalloc.o ABSOLUTE
    ../clib/armsys.c                         0x00000000   Number         0  no_argv.o ABSOLUTE
    ../clib/bigflt.c                         0x00000000   Number         0  bigflt0.o ABSOLUTE
    ../clib/btod.c                           0x00000000   Number         0  btod.o ABSOLUTE
    ../clib/btod_accurate.c                  0x00000000   Number         0  btod_accurate.o ABSOLUTE
    ../clib/btod_accurate.c                  0x00000000   Number         0  btod_accurate_common.o ABSOLUTE
    ../clib/division.c                       0x00000000   Number         0  lludiv10.o ABSOLUTE
    ../clib/division.c                       0x00000000   Number         0  rtudiv10.o ABSOLUTE
    ../clib/division.s                       0x00000000   Number         0  aeabi_sdiv.o ABSOLUTE
    ../clib/division.s                       0x00000000   Number         0  aeabi_sdiv_div0.o ABSOLUTE
    ../clib/heapalloc.c                      0x00000000   Number         0  hrguard.o ABSOLUTE
    ../clib/heapaux.c                        0x00000000   Number         0  heapauxi.o ABSOLUTE
    ../clib/libinit.s                        0x00000000   Number         0  libinit.o ABSOLUTE
    ../clib/libinit.s                        0x00000000   Number         0  libinit2.o ABSOLUTE
    ../clib/libinit.s                        0x00000000   Number         0  libshutdown.o ABSOLUTE
    ../clib/libinit.s                        0x00000000   Number         0  libshutdown2.o ABSOLUTE
    ../clib/locale.c                         0x00000000   Number         0  _c16rtomb.o ABSOLUTE
    ../clib/locale.s                         0x00000000   Number         0  lc_numeric_c.o ABSOLUTE
    ../clib/locale.s                         0x00000000   Number         0  lc_ctype_c.o ABSOLUTE
    ../clib/longlong.c                       0x00000000   Number         0  llushr.o ABSOLUTE
    ../clib/misc.s                           0x00000000   Number         0  printf_stubs.o ABSOLUTE
    ../clib/printf.c                         0x00000000   Number         0  sprintf.o ABSOLUTE
    ../clib/printf.c                         0x00000000   Number         0  __printf.o ABSOLUTE
    ../clib/printf.c                         0x00000000   Number         0  _printf_pad.o ABSOLUTE
    ../clib/printf.c                         0x00000000   Number         0  _printf_truncate.o ABSOLUTE
    ../clib/printf.c                         0x00000000   Number         0  _printf_str.o ABSOLUTE
    ../clib/printf.c                         0x00000000   Number         0  _printf_dec.o ABSOLUTE
    ../clib/printf.c                         0x00000000   Number         0  _printf_charcount.o ABSOLUTE
    ../clib/printf.c                         0x00000000   Number         0  _printf_char_common.o ABSOLUTE
    ../clib/printf.c                         0x00000000   Number         0  _sputc.o ABSOLUTE
    ../clib/printf.c                         0x00000000   Number         0  _printf_wctomb.o ABSOLUTE
    ../clib/printf.c                         0x00000000   Number         0  _printf_longlong_dec.o ABSOLUTE
    ../clib/printf.c                         0x00000000   Number         0  _printf_oct_ll.o ABSOLUTE
    ../clib/printf.c                         0x00000000   Number         0  _printf_oct_int.o ABSOLUTE
    ../clib/printf.c                         0x00000000   Number         0  _printf_oct_int_ll.o ABSOLUTE
    ../clib/printf.c                         0x00000000   Number         0  _printf_hex_ll.o ABSOLUTE
    ../clib/printf.c                         0x00000000   Number         0  _printf_hex_int.o ABSOLUTE
    ../clib/printf.c                         0x00000000   Number         0  _printf_hex_int_ll.o ABSOLUTE
    ../clib/printf.c                         0x00000000   Number         0  _printf_hex_ptr.o ABSOLUTE
    ../clib/printf.c                         0x00000000   Number         0  _printf_hex_int_ptr.o ABSOLUTE
    ../clib/printf.c                         0x00000000   Number         0  _printf_hex_ll_ptr.o ABSOLUTE
    ../clib/printf.c                         0x00000000   Number         0  _printf_hex_int_ll_ptr.o ABSOLUTE
    ../clib/printf.c                         0x00000000   Number         0  __printf_flags.o ABSOLUTE
    ../clib/printf.c                         0x00000000   Number         0  __printf_ss.o ABSOLUTE
    ../clib/printf.c                         0x00000000   Number         0  __printf_flags_ss.o ABSOLUTE
    ../clib/printf.c                         0x00000000   Number         0  __printf_wp.o ABSOLUTE
    ../clib/printf.c                         0x00000000   Number         0  __printf_flags_wp.o ABSOLUTE
    ../clib/printf.c                         0x00000000   Number         0  __printf_ss_wp.o ABSOLUTE
    ../clib/printf.c                         0x00000000   Number         0  __printf_flags_ss_wp.o ABSOLUTE
    ../clib/printf.c                         0x00000000   Number         0  _printf_intcommon.o ABSOLUTE
    ../clib/printf.c                         0x00000000   Number         0  _printf_fp_dec.o ABSOLUTE
    ../clib/printf.c                         0x00000000   Number         0  _printf_fp_dec_accurate.o ABSOLUTE
    ../clib/printf.c                         0x00000000   Number         0  _printf_fp_hex.o ABSOLUTE
    ../clib/printf.c                         0x00000000   Number         0  __printf_nopercent.o ABSOLUTE
    ../clib/printf.c                         0x00000000   Number         0  _printf_char.o ABSOLUTE
    ../clib/printf.c                         0x00000000   Number         0  _printf_wchar.o ABSOLUTE
    ../clib/printf.c                         0x00000000   Number         0  _printf_fp_infnan.o ABSOLUTE
    ../clib/printf_percent.s                 0x00000000   Number         0  _printf_c.o ABSOLUTE
    ../clib/printf_percent.s                 0x00000000   Number         0  _printf_s.o ABSOLUTE
    ../clib/printf_percent.s                 0x00000000   Number         0  _printf_n.o ABSOLUTE
    ../clib/printf_percent.s                 0x00000000   Number         0  _printf_x.o ABSOLUTE
    ../clib/printf_percent.s                 0x00000000   Number         0  _printf_p.o ABSOLUTE
    ../clib/printf_percent.s                 0x00000000   Number         0  _printf_o.o ABSOLUTE
    ../clib/printf_percent.s                 0x00000000   Number         0  _printf_i.o ABSOLUTE
    ../clib/printf_percent.s                 0x00000000   Number         0  _printf_d.o ABSOLUTE
    ../clib/printf_percent.s                 0x00000000   Number         0  _printf_u.o ABSOLUTE
    ../clib/printf_percent.s                 0x00000000   Number         0  _printf_f.o ABSOLUTE
    ../clib/printf_percent.s                 0x00000000   Number         0  _printf_e.o ABSOLUTE
    ../clib/printf_percent.s                 0x00000000   Number         0  _printf_g.o ABSOLUTE
    ../clib/printf_percent.s                 0x00000000   Number         0  _printf_a.o ABSOLUTE
    ../clib/printf_percent.s                 0x00000000   Number         0  _printf_percent.o ABSOLUTE
    ../clib/printf_percent.s                 0x00000000   Number         0  _printf_lli.o ABSOLUTE
    ../clib/printf_percent.s                 0x00000000   Number         0  _printf_lld.o ABSOLUTE
    ../clib/printf_percent.s                 0x00000000   Number         0  _printf_llu.o ABSOLUTE
    ../clib/printf_percent.s                 0x00000000   Number         0  _printf_ll.o ABSOLUTE
    ../clib/printf_percent.s                 0x00000000   Number         0  _printf_l.o ABSOLUTE
    ../clib/printf_percent.s                 0x00000000   Number         0  _printf_lc.o ABSOLUTE
    ../clib/printf_percent.s                 0x00000000   Number         0  _printf_ls.o ABSOLUTE
    ../clib/printf_percent.s                 0x00000000   Number         0  _printf_llo.o ABSOLUTE
    ../clib/printf_percent.s                 0x00000000   Number         0  _printf_llx.o ABSOLUTE
    ../clib/printf_percent.s                 0x00000000   Number         0  _printf_percent_end.o ABSOLUTE
    ../clib/signal.c                         0x00000000   Number         0  defsig_fpe_outer.o ABSOLUTE
    ../clib/signal.c                         0x00000000   Number         0  defsig_fpe_formal.o ABSOLUTE
    ../clib/signal.c                         0x00000000   Number         0  defsig_exit.o ABSOLUTE
    ../clib/signal.c                         0x00000000   Number         0  defsig_fpe_inner.o ABSOLUTE
    ../clib/signal.c                         0x00000000   Number         0  __raise.o ABSOLUTE
    ../clib/signal.c                         0x00000000   Number         0  defsig_general.o ABSOLUTE
    ../clib/signal.c                         0x00000000   Number         0  defsig_abrt_inner.o ABSOLUTE
    ../clib/signal.c                         0x00000000   Number         0  defsig_rtred_inner.o ABSOLUTE
    ../clib/signal.c                         0x00000000   Number         0  defsig_rtmem_inner.o ABSOLUTE
    ../clib/signal.c                         0x00000000   Number         0  defsig_rtmem_outer.o ABSOLUTE
    ../clib/signal.c                         0x00000000   Number         0  defsig_rtmem_formal.o ABSOLUTE
    ../clib/signal.c                         0x00000000   Number         0  defsig_stak_inner.o ABSOLUTE
    ../clib/signal.c                         0x00000000   Number         0  defsig_pvfn_inner.o ABSOLUTE
    ../clib/signal.c                         0x00000000   Number         0  defsig_cppl_inner.o ABSOLUTE
    ../clib/signal.c                         0x00000000   Number         0  defsig_segv_inner.o ABSOLUTE
    ../clib/signal.c                         0x00000000   Number         0  defsig_other.o ABSOLUTE
    ../clib/signal.s                         0x00000000   Number         0  defsig.o ABSOLUTE
    ../clib/stdlib.c                         0x00000000   Number         0  exit.o ABSOLUTE
    ../clib/string.c                         0x00000000   Number         0  strcmp.o ABSOLUTE
    ../fplib/cfplib/ffix.c                   0x00000000   Number         0  ffixi.o ABSOLUTE
    ../fplib/cfplib/fflt.c                   0x00000000   Number         0  fflti.o ABSOLUTE
    ../fplib/cfplib/fpinit.c                 0x00000000   Number         0  fpinit.o ABSOLUTE
    ../fplib/cfplib/ieee_status.c            0x00000000   Number         0  ieee_status.o ABSOLUTE
    ../fplib/faddsub6m.s                     0x00000000   Number         0  faddsub.o ABSOLUTE
    ../fplib/fmul6m.s                        0x00000000   Number         0  fmul.o ABSOLUTE
    ../fplib/printf1.s                       0x00000000   Number         0  printf1.o ABSOLUTE
    ../fplib/printf2.s                       0x00000000   Number         0  printf2.o ABSOLUTE
    ../fplib/printf2a.s                      0x00000000   Number         0  printf2a.o ABSOLUTE
    ../fplib/printf2b.s                      0x00000000   Number         0  printf2b.o ABSOLUTE
    ../fplib/usenofp.s                       0x00000000   Number         0  usenofp.o ABSOLUTE
    ../mathlib/fpclassify.c                  0x00000000   Number         0  fpclassify.o ABSOLUTE
    RTE/Device/MKL25Z128xxx4/startup_MKL25Z4.s 0x00000000   Number         0  startup_mkl25z4.o ABSOLUTE
    dc.s                                     0x00000000   Number         0  dc.o ABSOLUTE
    system_MKL25Z4.c                         0x00000000   Number         0  system_mkl25z4.o ABSOLUTE
    tutorial.c                               0x00000000   Number         0  tutorial.o ABSOLUTE
    RESET                                    0x00000000   Section      192  startup_mkl25z4.o(RESET)
    !!!main                                  0x000000c0   Section        8  __main.o(!!!main)
    !!!scatter                               0x000000c8   Section       60  __scatter.o(!!!scatter)
    !!handler_zi                             0x00000104   Section       28  __scatter_zi.o(!!handler_zi)
    .ARM.Collect$$_printf_percent$$00000000  0x00000120   Section        2  _printf_percent.o(.ARM.Collect$$_printf_percent$$00000000)
    .ARM.Collect$$_printf_percent$$00000001  0x00000122   Section       10  _printf_n.o(.ARM.Collect$$_printf_percent$$00000001)
    .ARM.Collect$$_printf_percent$$00000002  0x0000012c   Section       10  _printf_p.o(.ARM.Collect$$_printf_percent$$00000002)
    .ARM.Collect$$_printf_percent$$00000003  0x00000136   Section       10  _printf_f.o(.ARM.Collect$$_printf_percent$$00000003)
    .ARM.Collect$$_printf_percent$$00000004  0x00000140   Section       10  _printf_e.o(.ARM.Collect$$_printf_percent$$00000004)
    .ARM.Collect$$_printf_percent$$00000005  0x0000014a   Section       10  _printf_g.o(.ARM.Collect$$_printf_percent$$00000005)
    .ARM.Collect$$_printf_percent$$00000006  0x00000154   Section       10  _printf_a.o(.ARM.Collect$$_printf_percent$$00000006)
    .ARM.Collect$$_printf_percent$$00000007  0x0000015e   Section       10  _printf_ll.o(.ARM.Collect$$_printf_percent$$00000007)
    .ARM.Collect$$_printf_percent$$00000008  0x00000168   Section       10  _printf_i.o(.ARM.Collect$$_printf_percent$$00000008)
    .ARM.Collect$$_printf_percent$$00000009  0x00000172   Section       10  _printf_d.o(.ARM.Collect$$_printf_percent$$00000009)
    .ARM.Collect$$_printf_percent$$0000000A  0x0000017c   Section       10  _printf_u.o(.ARM.Collect$$_printf_percent$$0000000A)
    .ARM.Collect$$_printf_percent$$0000000B  0x00000186   Section       10  _printf_o.o(.ARM.Collect$$_printf_percent$$0000000B)
    .ARM.Collect$$_printf_percent$$0000000C  0x00000190   Section       10  _printf_x.o(.ARM.Collect$$_printf_percent$$0000000C)
    .ARM.Collect$$_printf_percent$$0000000D  0x0000019a   Section       10  _printf_lli.o(.ARM.Collect$$_printf_percent$$0000000D)
    .ARM.Collect$$_printf_percent$$0000000E  0x000001a4   Section       10  _printf_lld.o(.ARM.Collect$$_printf_percent$$0000000E)
    .ARM.Collect$$_printf_percent$$0000000F  0x000001ae   Section       10  _printf_llu.o(.ARM.Collect$$_printf_percent$$0000000F)
    .ARM.Collect$$_printf_percent$$00000010  0x000001b8   Section       10  _printf_llo.o(.ARM.Collect$$_printf_percent$$00000010)
    .ARM.Collect$$_printf_percent$$00000011  0x000001c2   Section       10  _printf_llx.o(.ARM.Collect$$_printf_percent$$00000011)
    .ARM.Collect$$_printf_percent$$00000012  0x000001cc   Section       10  _printf_l.o(.ARM.Collect$$_printf_percent$$00000012)
    .ARM.Collect$$_printf_percent$$00000013  0x000001d6   Section       10  _printf_c.o(.ARM.Collect$$_printf_percent$$00000013)
    .ARM.Collect$$_printf_percent$$00000014  0x000001e0   Section       10  _printf_s.o(.ARM.Collect$$_printf_percent$$00000014)
    .ARM.Collect$$_printf_percent$$00000015  0x000001ea   Section       10  _printf_lc.o(.ARM.Collect$$_printf_percent$$00000015)
    .ARM.Collect$$_printf_percent$$00000016  0x000001f4   Section       10  _printf_ls.o(.ARM.Collect$$_printf_percent$$00000016)
    .ARM.Collect$$_printf_percent$$00000017  0x000001fe   Section        4  _printf_percent_end.o(.ARM.Collect$$_printf_percent$$00000017)
    .ARM.Collect$$libinit$$00000000          0x00000202   Section        2  libinit.o(.ARM.Collect$$libinit$$00000000)
    .ARM.Collect$$libinit$$00000002          0x00000204   Section        0  libinit2.o(.ARM.Collect$$libinit$$00000002)
    .ARM.Collect$$libinit$$00000004          0x00000204   Section        0  libinit2.o(.ARM.Collect$$libinit$$00000004)
    .ARM.Collect$$libinit$$00000006          0x00000204   Section        0  libinit2.o(.ARM.Collect$$libinit$$00000006)
    .ARM.Collect$$libinit$$0000000C          0x00000204   Section        0  libinit2.o(.ARM.Collect$$libinit$$0000000C)
    .ARM.Collect$$libinit$$0000000E          0x00000204   Section        0  libinit2.o(.ARM.Collect$$libinit$$0000000E)
    .ARM.Collect$$libinit$$00000010          0x00000204   Section        0  libinit2.o(.ARM.Collect$$libinit$$00000010)
    .ARM.Collect$$libinit$$00000011          0x00000204   Section        6  libinit2.o(.ARM.Collect$$libinit$$00000011)
    .ARM.Collect$$libinit$$00000013          0x0000020a   Section        0  libinit2.o(.ARM.Collect$$libinit$$00000013)
    .ARM.Collect$$libinit$$00000014          0x0000020a   Section       12  libinit2.o(.ARM.Collect$$libinit$$00000014)
    .ARM.Collect$$libinit$$00000015          0x00000216   Section        0  libinit2.o(.ARM.Collect$$libinit$$00000015)
    .ARM.Collect$$libinit$$00000017          0x00000216   Section        0  libinit2.o(.ARM.Collect$$libinit$$00000017)
    .ARM.Collect$$libinit$$00000018          0x00000216   Section       10  libinit2.o(.ARM.Collect$$libinit$$00000018)
    .ARM.Collect$$libinit$$00000019          0x00000220   Section        0  libinit2.o(.ARM.Collect$$libinit$$00000019)
    .ARM.Collect$$libinit$$0000001B          0x00000220   Section        0  libinit2.o(.ARM.Collect$$libinit$$0000001B)
    .ARM.Collect$$libinit$$0000001D          0x00000220   Section        0  libinit2.o(.ARM.Collect$$libinit$$0000001D)
    .ARM.Collect$$libinit$$0000001F          0x00000220   Section        0  libinit2.o(.ARM.Collect$$libinit$$0000001F)
    .ARM.Collect$$libinit$$00000021          0x00000220   Section        0  libinit2.o(.ARM.Collect$$libinit$$00000021)
    .ARM.Collect$$libinit$$00000023          0x00000220   Section        0  libinit2.o(.ARM.Collect$$libinit$$00000023)
    .ARM.Collect$$libinit$$00000025          0x00000220   Section        0  libinit2.o(.ARM.Collect$$libinit$$00000025)
    .ARM.Collect$$libinit$$00000027          0x00000220   Section        0  libinit2.o(.ARM.Collect$$libinit$$00000027)
    .ARM.Collect$$libinit$$0000002E          0x00000220   Section        0  libinit2.o(.ARM.Collect$$libinit$$0000002E)
    .ARM.Collect$$libinit$$00000030          0x00000220   Section        0  libinit2.o(.ARM.Collect$$libinit$$00000030)
    .ARM.Collect$$libinit$$00000032          0x00000220   Section        0  libinit2.o(.ARM.Collect$$libinit$$00000032)
    .ARM.Collect$$libinit$$00000034          0x00000220   Section        0  libinit2.o(.ARM.Collect$$libinit$$00000034)
    .ARM.Collect$$libinit$$00000035          0x00000220   Section        2  libinit2.o(.ARM.Collect$$libinit$$00000035)
    .ARM.Collect$$libshutdown$$00000000      0x00000222   Section        2  libshutdown.o(.ARM.Collect$$libshutdown$$00000000)
    .ARM.Collect$$libshutdown$$00000002      0x00000224   Section        0  libshutdown2.o(.ARM.Collect$$libshutdown$$00000002)
    .ARM.Collect$$libshutdown$$00000004      0x00000224   Section        0  libshutdown2.o(.ARM.Collect$$libshutdown$$00000004)
    .ARM.Collect$$libshutdown$$00000007      0x00000224   Section        0  libshutdown2.o(.ARM.Collect$$libshutdown$$00000007)
    .ARM.Collect$$libshutdown$$0000000A      0x00000224   Section        0  libshutdown2.o(.ARM.Collect$$libshutdown$$0000000A)
    .ARM.Collect$$libshutdown$$0000000C      0x00000224   Section        0  libshutdown2.o(.ARM.Collect$$libshutdown$$0000000C)
    .ARM.Collect$$libshutdown$$0000000F      0x00000224   Section        0  libshutdown2.o(.ARM.Collect$$libshutdown$$0000000F)
    .ARM.Collect$$libshutdown$$00000010      0x00000224   Section        2  libshutdown2.o(.ARM.Collect$$libshutdown$$00000010)
    .ARM.Collect$$rtentry$$00000000          0x00000226   Section        0  __rtentry.o(.ARM.Collect$$rtentry$$00000000)
    .ARM.Collect$$rtentry$$00000002          0x00000226   Section        0  __rtentry2.o(.ARM.Collect$$rtentry$$00000002)
    .ARM.Collect$$rtentry$$00000004          0x00000226   Section        6  __rtentry4.o(.ARM.Collect$$rtentry$$00000004)
    .ARM.Collect$$rtentry$$00000009          0x0000022c   Section        0  __rtentry2.o(.ARM.Collect$$rtentry$$00000009)
    .ARM.Collect$$rtentry$$0000000A          0x0000022c   Section        4  __rtentry2.o(.ARM.Collect$$rtentry$$0000000A)
    .ARM.Collect$$rtentry$$0000000C          0x00000230   Section        0  __rtentry2.o(.ARM.Collect$$rtentry$$0000000C)
    .ARM.Collect$$rtentry$$0000000D          0x00000230   Section        8  __rtentry2.o(.ARM.Collect$$rtentry$$0000000D)
    .ARM.Collect$$rtexit$$00000000           0x00000238   Section        2  rtexit.o(.ARM.Collect$$rtexit$$00000000)
    .ARM.Collect$$rtexit$$00000002           0x0000023a   Section        0  rtexit2.o(.ARM.Collect$$rtexit$$00000002)
    .ARM.Collect$$rtexit$$00000003           0x0000023a   Section        4  rtexit2.o(.ARM.Collect$$rtexit$$00000003)
    .ARM.Collect$$rtexit$$00000004           0x0000023e   Section        6  rtexit2.o(.ARM.Collect$$rtexit$$00000004)
    .text                                    0x00000244   Section       64  startup_mkl25z4.o(.text)
    .text                                    0x00000284   Section        0  sprintf.o(.text)
    .text                                    0x000002b0   Section        0  heapauxi.o(.text)
    .text                                    0x000002b6   Section        0  _printf_pad.o(.text)
    .text                                    0x00000304   Section        0  _printf_truncate.o(.text)
    .text                                    0x00000328   Section        0  _printf_str.o(.text)
    .text                                    0x0000037c   Section        0  _printf_dec.o(.text)
    .text                                    0x000003e8   Section        0  _sputc.o(.text)
    .text                                    0x000003f4   Section        8  rt_locale_intlibspace.o(.text)
    .text                                    0x000003fc   Section        2  use_no_semi.o(.text)
    .text                                    0x000003fe   Section        0  indicate_semi.o(.text)
    x$fpl$usenofp                            0x000003fe   Section        0  usenofp.o(x$fpl$usenofp)
    .ARM.__at_0x400                          0x00000400   Section       16  startup_mkl25z4.o(.ARM.__at_0x400)
    .text                                    0x00000410   Section      364  aeabi_sdiv.o(.text)
    .text                                    0x0000057c   Section        0  _printf_charcount.o(.text)
    _printf_input_char                       0x000005a5   Thumb Code    10  _printf_char_common.o(.text)
    .text                                    0x000005a4   Section        0  _printf_char_common.o(.text)
    .text                                    0x000005d4   Section        0  _printf_wctomb.o(.text)
    .text                                    0x00000690   Section        0  _printf_longlong_dec.o(.text)
    _printf_longlong_oct_internal            0x00000701   Thumb Code     0  _printf_oct_int_ll.o(.text)
    .text                                    0x00000700   Section        0  _printf_oct_int_ll.o(.text)
    _printf_hex_common                       0x00000771   Thumb Code     0  _printf_hex_int_ll_ptr.o(.text)
    .text                                    0x00000770   Section        0  _printf_hex_int_ll_ptr.o(.text)
    .text                                    0x00000808   Section        0  __printf_flags_ss_wp.o(.text)
    .text                                    0x00000990   Section        0  lludiv10.o(.text)
    .text                                    0x00000a0a   Section        0  _printf_intcommon.o(.text)
    _fp_digits                               0x00000abd   Thumb Code   412  _printf_fp_dec.o(.text)
    .text                                    0x00000abc   Section        0  _printf_fp_dec.o(.text)
    .text                                    0x00000ed0   Section        0  _printf_fp_hex.o(.text)
    .text                                    0x000011a8   Section        0  _printf_char.o(.text)
    .text                                    0x000011d6   Section        0  _printf_wchar.o(.text)
    .text                                    0x00001204   Section        0  _c16rtomb.o(.text)
    .text                                    0x00001246   Section        0  rtudiv10.o(.text)
    .text                                    0x0000126e   Section       62  sys_stackheap_outer.o(.text)
    .text                                    0x000012ac   Section       16  rt_ctype_table.o(.text)
    .text                                    0x000012bc   Section        0  _printf_fp_infnan.o(.text)
    .text                                    0x00001344   Section        0  bigflt0.o(.text)
    .text                                    0x0000141c   Section        0  btod.o(.text)
    btod_internal_mul                        0x0000145d   Thumb Code   492  btod.o(.text)
    btod_internal_div                        0x00001649   Thumb Code   520  btod.o(.text)
    .text                                    0x0000199c   Section        0  exit.o(.text)
    .text                                    0x000019ac   Section        8  libspace.o(.text)
    .text                                    0x000019b4   Section        0  strcmp.o(.text)
    .text                                    0x00001a3c   Section        0  sys_exit.o(.text)
    [Anonymous Symbol]                       0x00001a48   Section        0  tutorial.o(.text.Delay)
    [Anonymous Symbol]                       0x00001a60   Section        0  tutorial.o(.text.LCD_command)
    [Anonymous Symbol]                       0x00001a98   Section        0  tutorial.o(.text.LCD_data)
    __arm_cp.3_2                             0x00001ad4   Number         4  tutorial.o(.text.LCD_data)
    [Anonymous Symbol]                       0x00001ad8   Section        0  tutorial.o(.text.LCD_init)
    __arm_cp.10_1                            0x00001b48   Number         4  tutorial.o(.text.LCD_init)
    __arm_cp.10_2                            0x00001b4c   Number         4  tutorial.o(.text.LCD_init)
    __arm_cp.10_3                            0x00001b50   Number         4  tutorial.o(.text.LCD_init)
    __arm_cp.10_4                            0x00001b54   Number         4  tutorial.o(.text.LCD_init)
    __arm_cp.10_5                            0x00001b58   Number         4  tutorial.o(.text.LCD_init)
    __arm_cp.10_6                            0x00001b5c   Number         4  tutorial.o(.text.LCD_init)
    __arm_cp.10_7                            0x00001b60   Number         4  tutorial.o(.text.LCD_init)
    __arm_cp.10_8                            0x00001b64   Number         4  tutorial.o(.text.LCD_init)
    __arm_cp.10_10                           0x00001b68   Number         4  tutorial.o(.text.LCD_init)
    __arm_cp.10_11                           0x00001b6c   Number         4  tutorial.o(.text.LCD_init)
    __arm_cp.10_12                           0x00001b70   Number         4  tutorial.o(.text.LCD_init)
    __arm_cp.10_13                           0x00001b74   Number         4  tutorial.o(.text.LCD_init)
    [Anonymous Symbol]                       0x00001b78   Section        0  tutorial.o(.text.LCD_ready)
    __arm_cp.11_0                            0x00001be0   Number         4  tutorial.o(.text.LCD_ready)
    __arm_cp.11_1                            0x00001be4   Number         4  tutorial.o(.text.LCD_ready)
    __arm_cp.11_2                            0x00001be8   Number         4  tutorial.o(.text.LCD_ready)
    __arm_cp.11_3                            0x00001bec   Number         4  tutorial.o(.text.LCD_ready)
    [Anonymous Symbol]                       0x00001bf0   Section        0  system_mkl25z4.o(.text.SystemInit)
    __arm_cp.0_0                             0x00001bf8   Number         4  system_mkl25z4.o(.text.SystemInit)
    [Anonymous Symbol]                       0x00001bfc   Section        0  tutorial.o(.text.blink)
    __arm_cp.8_0                             0x00001c44   Number         4  tutorial.o(.text.blink)
    __arm_cp.8_1                             0x00001c48   Number         4  tutorial.o(.text.blink)
    __arm_cp.8_2                             0x00001c4c   Number         4  tutorial.o(.text.blink)
    __arm_cp.8_3                             0x00001c50   Number         4  tutorial.o(.text.blink)
    __arm_cp.8_4                             0x00001c54   Number         4  tutorial.o(.text.blink)
    __arm_cp.8_5                             0x00001c58   Number         4  tutorial.o(.text.blink)
    __arm_cp.8_6                             0x00001c5c   Number         4  tutorial.o(.text.blink)
    [Anonymous Symbol]                       0x00001c60   Section        0  tutorial.o(.text.clear_lcd)
    [Anonymous Symbol]                       0x00001cb6   Section        0  tutorial.o(.text.gcd)
    [Anonymous Symbol]                       0x00001ce2   Section        0  tutorial.o(.text.generate_keypair)
    [Anonymous Symbol]                       0x00001d2c   Section        0  tutorial.o(.text.get_number_from_keypad)
    __arm_cp.0_0                             0x00001dbc   Number         4  tutorial.o(.text.get_number_from_keypad)
    __arm_cp.0_1                             0x00001dc0   Number         4  tutorial.o(.text.get_number_from_keypad)
    __arm_cp.0_2                             0x00001dc4   Number         4  tutorial.o(.text.get_number_from_keypad)
    __arm_cp.0_3                             0x00001dc8   Number         4  tutorial.o(.text.get_number_from_keypad)
    __arm_cp.0_4                             0x00001dcc   Number         4  tutorial.o(.text.get_number_from_keypad)
    [Anonymous Symbol]                       0x00001dd0   Section        0  tutorial.o(.text.keypad_getkey)
    __arm_cp.2_0                             0x00001ec4   Number         4  tutorial.o(.text.keypad_getkey)
    __arm_cp.2_2                             0x00001ec8   Number         4  tutorial.o(.text.keypad_getkey)
    __arm_cp.2_3                             0x00001ecc   Number         4  tutorial.o(.text.keypad_getkey)
    [Anonymous Symbol]                       0x00001ed0   Section        0  tutorial.o(.text.keypad_init)
    __arm_cp.12_0                            0x00001f08   Number         4  tutorial.o(.text.keypad_init)
    __arm_cp.12_1                            0x00001f0c   Number         4  tutorial.o(.text.keypad_init)
    __arm_cp.12_2                            0x00001f10   Number         4  tutorial.o(.text.keypad_init)
    __arm_cp.12_3                            0x00001f14   Number         4  tutorial.o(.text.keypad_init)
    __arm_cp.12_4                            0x00001f18   Number         4  tutorial.o(.text.keypad_init)
    __arm_cp.12_5                            0x00001f1c   Number         4  tutorial.o(.text.keypad_init)
    __arm_cp.12_6                            0x00001f20   Number         4  tutorial.o(.text.keypad_init)
    __arm_cp.12_7                            0x00001f24   Number         4  tutorial.o(.text.keypad_init)
    __arm_cp.12_8                            0x00001f28   Number         4  tutorial.o(.text.keypad_init)
    __arm_cp.12_9                            0x00001f2c   Number         4  tutorial.o(.text.keypad_init)
    [Anonymous Symbol]                       0x00001f30   Section        0  tutorial.o(.text.main)
    __arm_cp.13_0                            0x00002048   Number         4  tutorial.o(.text.main)
    __arm_cp.13_1                            0x0000204c   Number         4  tutorial.o(.text.main)
    __arm_cp.13_2                            0x00002050   Number         4  tutorial.o(.text.main)
    __arm_cp.13_3                            0x00002054   Number         4  tutorial.o(.text.main)
    __arm_cp.13_4                            0x00002058   Number         4  tutorial.o(.text.main)
    __arm_cp.13_5                            0x0000205c   Number         4  tutorial.o(.text.main)
    __arm_cp.13_6                            0x00002060   Number         4  tutorial.o(.text.main)
    __arm_cp.13_7                            0x00002064   Number         4  tutorial.o(.text.main)
    [Anonymous Symbol]                       0x00002068   Section        0  tutorial.o(.text.mod_inverse)
    [Anonymous Symbol]                       0x000020d6   Section        0  tutorial.o(.text.power)
    [Anonymous Symbol]                       0x0000214e   Section        0  tutorial.o(.text.print_fnc)
    i.__ARM_common_ll_muluu                  0x0000217c   Section        0  btod.o(i.__ARM_common_ll_muluu)
    i.__ARM_fpclassify                       0x000021ac   Section        0  fpclassify.o(i.__ARM_fpclassify)
    i._is_digit                              0x000021d8   Section        0  __printf_wp.o(i._is_digit)
    locale$$code                             0x000021e8   Section       44  lc_numeric_c.o(locale$$code)
    locale$$code                             0x00002214   Section       44  lc_ctype_c.o(locale$$code)
    x$fpl$printf1                            0x00002240   Section       16  printf1.o(x$fpl$printf1)
    x$fpl$printf2                            0x00002250   Section       16  printf2.o(x$fpl$printf2)
    initial_mbstate                          0x00002260   Data           8  _printf_wctomb.o(.constdata)
    .constdata                               0x00002260   Section        8  _printf_wctomb.o(.constdata)
    uc_hextab                                0x00002268   Data          20  _printf_hex_int_ll_ptr.o(.constdata)
    .constdata                               0x00002268   Section       40  _printf_hex_int_ll_ptr.o(.constdata)
    lc_hextab                                0x0000227c   Data          20  _printf_hex_int_ll_ptr.o(.constdata)
    maptable                                 0x00002290   Data          17  __printf_flags_ss_wp.o(.constdata)
    .constdata                               0x00002290   Section       17  __printf_flags_ss_wp.o(.constdata)
    lc_hextab                                0x000022a1   Data          19  _printf_fp_hex.o(.constdata)
    .constdata                               0x000022a1   Section       38  _printf_fp_hex.o(.constdata)
    uc_hextab                                0x000022b4   Data          19  _printf_fp_hex.o(.constdata)
    tenpwrs_x                                0x000022c8   Data          60  bigflt0.o(.constdata)
    .constdata                               0x000022c8   Section      148  bigflt0.o(.constdata)
    tenpwrs_i                                0x00002304   Data          64  bigflt0.o(.constdata)
    [Anonymous Symbol]                       0x0000235c   Section        0  tutorial.o(.rodata.str1.1)
    locale$$data                             0x000023c0   Section       28  lc_numeric_c.o(locale$$data)
    __lcnum_c_name                           0x000023c4   Data           2  lc_numeric_c.o(locale$$data)
    __lcnum_c_start                          0x000023cc   Data           0  lc_numeric_c.o(locale$$data)
    __lcnum_c_point                          0x000023d8   Data           0  lc_numeric_c.o(locale$$data)
    __lcnum_c_thousands                      0x000023da   Data           0  lc_numeric_c.o(locale$$data)
    __lcnum_c_grouping                       0x000023db   Data           0  lc_numeric_c.o(locale$$data)
    __lcnum_c_end                            0x000023dc   Data           0  lc_numeric_c.o(locale$$data)
    locale$$data                             0x000023dc   Section      272  lc_ctype_c.o(locale$$data)
    __lcctype_c_name                         0x000023e0   Data           2  lc_ctype_c.o(locale$$data)
    __lcctype_c_start                        0x000023e8   Data           0  lc_ctype_c.o(locale$$data)
    __lcctype_c_end                          0x000024ec   Data           0  lc_ctype_c.o(locale$$data)
    .bss                                     0x1ffff000   Section       96  libspace.o(.bss)
    Heap_Mem                                 0x1ffff060   Data           0  startup_mkl25z4.o(HEAP)
    Stack_Mem                                0x1ffff060   Data         256  startup_mkl25z4.o(STACK)
    HEAP                                     0x1ffff060   Section        0  startup_mkl25z4.o(HEAP)
    STACK                                    0x1ffff060   Section      256  startup_mkl25z4.o(STACK)
    __initial_sp                             0x1ffff160   Data           0  startup_mkl25z4.o(STACK)

    Global Symbols

    Symbol Name                              Value     Ov Type        Size  Object(Section)

    BuildAttributes$$THM_ISAv3M$S$PE$A:L22$X:L11$S22$IEEE1$IW$~IW$USESV6$~STKCKD$USESV7$~SHL$OTIME$ROPI$IEEEJ$EBA8$UX$STANDARDLIB$REQ8$PRES8$EABIv2 0x00000000   Number         0  anon$$obj.o ABSOLUTE
    __Vectors                                0x00000000   Data           4  startup_mkl25z4.o(RESET)
    _printf_flags                            0x00000000   Number         0  printf_stubs.o ABSOLUTE
    _printf_return_value                     0x00000000   Number         0  printf_stubs.o ABSOLUTE
    _printf_sizespec                         0x00000000   Number         0  printf_stubs.o ABSOLUTE
    _printf_widthprec                        0x00000000   Number         0  printf_stubs.o ABSOLUTE
    __ARM_exceptions_init                     - Undefined Weak Reference
    __alloca_initialize                       - Undefined Weak Reference
    __arm_preinit_                            - Undefined Weak Reference
    __arm_relocate_pie_                       - Undefined Weak Reference
    __cpp_initialize__aeabi_                  - Undefined Weak Reference
    __cxa_finalize                            - Undefined Weak Reference
    __sigvec_lookup                           - Undefined Weak Reference
    _atexit_init                              - Undefined Weak Reference
    _call_atexit_fns                          - Undefined Weak Reference
    _clock_init                               - Undefined Weak Reference
    _fp_trap_init                             - Undefined Weak Reference
    _fp_trap_shutdown                         - Undefined Weak Reference
    _get_lc_collate                           - Undefined Weak Reference
    _get_lc_monetary                          - Undefined Weak Reference
    _get_lc_time                              - Undefined Weak Reference
    _getenv_init                              - Undefined Weak Reference
    _handle_redirection                       - Undefined Weak Reference
    _init_alloc                               - Undefined Weak Reference
    _init_user_alloc                          - Undefined Weak Reference
    _initio                                   - Undefined Weak Reference
    _printf_mbtowc                            - Undefined Weak Reference
    _printf_wc                                - Undefined Weak Reference
    _rand_init                                - Undefined Weak Reference
    _signal_finish                            - Undefined Weak Reference
    _signal_init                              - Undefined Weak Reference
    _terminate_alloc                          - Undefined Weak Reference
    _terminate_user_alloc                     - Undefined Weak Reference
    _terminateio                              - Undefined Weak Reference
    __Vectors_End                            0x000000c0   Data           0  startup_mkl25z4.o(RESET)
    __Vectors_Size                           0x000000c0   Number         0  startup_mkl25z4.o ABSOLUTE
    __main                                   0x000000c1   Thumb Code     8  __main.o(!!!main)
    __scatterload                            0x000000c9   Thumb Code     0  __scatter.o(!!!scatter)
    __scatterload_rt2                        0x000000c9   Thumb Code    52  __scatter.o(!!!scatter)
    __scatterload_rt2_thumb_only             0x000000c9   Thumb Code     0  __scatter.o(!!!scatter)
    __scatterload_null                       0x000000d9   Thumb Code     0  __scatter.o(!!!scatter)
    __scatterload_zeroinit                   0x00000105   Thumb Code    28  __scatter_zi.o(!!handler_zi)
    _printf_percent                          0x00000121   Thumb Code     0  _printf_percent.o(.ARM.Collect$$_printf_percent$$00000000)
    _printf_n                                0x00000123   Thumb Code     0  _printf_n.o(.ARM.Collect$$_printf_percent$$00000001)
    _printf_p                                0x0000012d   Thumb Code     0  _printf_p.o(.ARM.Collect$$_printf_percent$$00000002)
    _printf_f                                0x00000137   Thumb Code     0  _printf_f.o(.ARM.Collect$$_printf_percent$$00000003)
    _printf_e                                0x00000141   Thumb Code     0  _printf_e.o(.ARM.Collect$$_printf_percent$$00000004)
    _printf_g                                0x0000014b   Thumb Code     0  _printf_g.o(.ARM.Collect$$_printf_percent$$00000005)
    _printf_a                                0x00000155   Thumb Code     0  _printf_a.o(.ARM.Collect$$_printf_percent$$00000006)
    _printf_ll                               0x0000015f   Thumb Code     0  _printf_ll.o(.ARM.Collect$$_printf_percent$$00000007)
    _printf_i                                0x00000169   Thumb Code     0  _printf_i.o(.ARM.Collect$$_printf_percent$$00000008)
    _printf_d                                0x00000173   Thumb Code     0  _printf_d.o(.ARM.Collect$$_printf_percent$$00000009)
    _printf_u                                0x0000017d   Thumb Code     0  _printf_u.o(.ARM.Collect$$_printf_percent$$0000000A)
    _printf_o                                0x00000187   Thumb Code     0  _printf_o.o(.ARM.Collect$$_printf_percent$$0000000B)
    _printf_x                                0x00000191   Thumb Code     0  _printf_x.o(.ARM.Collect$$_printf_percent$$0000000C)
    _printf_lli                              0x0000019b   Thumb Code     0  _printf_lli.o(.ARM.Collect$$_printf_percent$$0000000D)
    _printf_lld                              0x000001a5   Thumb Code     0  _printf_lld.o(.ARM.Collect$$_printf_percent$$0000000E)
    _printf_llu                              0x000001af   Thumb Code     0  _printf_llu.o(.ARM.Collect$$_printf_percent$$0000000F)
    _printf_llo                              0x000001b9   Thumb Code     0  _printf_llo.o(.ARM.Collect$$_printf_percent$$00000010)
    _printf_llx                              0x000001c3   Thumb Code     0  _printf_llx.o(.ARM.Collect$$_printf_percent$$00000011)
    _printf_l                                0x000001cd   Thumb Code     0  _printf_l.o(.ARM.Collect$$_printf_percent$$00000012)
    _printf_c                                0x000001d7   Thumb Code     0  _printf_c.o(.ARM.Collect$$_printf_percent$$00000013)
    _printf_s                                0x000001e1   Thumb Code     0  _printf_s.o(.ARM.Collect$$_printf_percent$$00000014)
    _printf_lc                               0x000001eb   Thumb Code     0  _printf_lc.o(.ARM.Collect$$_printf_percent$$00000015)
    _printf_ls                               0x000001f5   Thumb Code     0  _printf_ls.o(.ARM.Collect$$_printf_percent$$00000016)
    _printf_percent_end                      0x000001ff   Thumb Code     0  _printf_percent_end.o(.ARM.Collect$$_printf_percent$$00000017)
    __rt_lib_init                            0x00000203   Thumb Code     0  libinit.o(.ARM.Collect$$libinit$$00000000)
    __rt_lib_init_fp_1                       0x00000205   Thumb Code     0  libinit2.o(.ARM.Collect$$libinit$$00000002)
    __rt_lib_init_heap_1                     0x00000205   Thumb Code     0  libinit2.o(.ARM.Collect$$libinit$$0000000C)
    __rt_lib_init_lc_common                  0x00000205   Thumb Code     0  libinit2.o(.ARM.Collect$$libinit$$00000011)
    __rt_lib_init_preinit_1                  0x00000205   Thumb Code     0  libinit2.o(.ARM.Collect$$libinit$$00000006)
    __rt_lib_init_rand_1                     0x00000205   Thumb Code     0  libinit2.o(.ARM.Collect$$libinit$$00000010)
    __rt_lib_init_relocate_pie_1             0x00000205   Thumb Code     0  libinit2.o(.ARM.Collect$$libinit$$00000004)
    __rt_lib_init_user_alloc_1               0x00000205   Thumb Code     0  libinit2.o(.ARM.Collect$$libinit$$0000000E)
    __rt_lib_init_lc_collate_1               0x0000020b   Thumb Code     0  libinit2.o(.ARM.Collect$$libinit$$00000013)
    __rt_lib_init_lc_ctype_2                 0x0000020b   Thumb Code     0  libinit2.o(.ARM.Collect$$libinit$$00000014)
    __rt_lib_init_lc_ctype_1                 0x00000217   Thumb Code     0  libinit2.o(.ARM.Collect$$libinit$$00000015)
    __rt_lib_init_lc_monetary_1              0x00000217   Thumb Code     0  libinit2.o(.ARM.Collect$$libinit$$00000017)
    __rt_lib_init_lc_numeric_2               0x00000217   Thumb Code     0  libinit2.o(.ARM.Collect$$libinit$$00000018)
    __rt_lib_init_alloca_1                   0x00000221   Thumb Code     0  libinit2.o(.ARM.Collect$$libinit$$00000030)
    __rt_lib_init_argv_1                     0x00000221   Thumb Code     0  libinit2.o(.ARM.Collect$$libinit$$0000002E)
    __rt_lib_init_atexit_1                   0x00000221   Thumb Code     0  libinit2.o(.ARM.Collect$$libinit$$0000001D)
    __rt_lib_init_clock_1                    0x00000221   Thumb Code     0  libinit2.o(.ARM.Collect$$libinit$$00000023)
    __rt_lib_init_cpp_1                      0x00000221   Thumb Code     0  libinit2.o(.ARM.Collect$$libinit$$00000034)
    __rt_lib_init_exceptions_1               0x00000221   Thumb Code     0  libinit2.o(.ARM.Collect$$libinit$$00000032)
    __rt_lib_init_fp_trap_1                  0x00000221   Thumb Code     0  libinit2.o(.ARM.Collect$$libinit$$00000021)
    __rt_lib_init_getenv_1                   0x00000221   Thumb Code     0  libinit2.o(.ARM.Collect$$libinit$$00000025)
    __rt_lib_init_lc_numeric_1               0x00000221   Thumb Code     0  libinit2.o(.ARM.Collect$$libinit$$00000019)
    __rt_lib_init_lc_time_1                  0x00000221   Thumb Code     0  libinit2.o(.ARM.Collect$$libinit$$0000001B)
    __rt_lib_init_return                     0x00000221   Thumb Code     0  libinit2.o(.ARM.Collect$$libinit$$00000035)
    __rt_lib_init_signal_1                   0x00000221   Thumb Code     0  libinit2.o(.ARM.Collect$$libinit$$0000001F)
    __rt_lib_init_stdio_1                    0x00000221   Thumb Code     0  libinit2.o(.ARM.Collect$$libinit$$00000027)
    __rt_lib_shutdown                        0x00000223   Thumb Code     0  libshutdown.o(.ARM.Collect$$libshutdown$$00000000)
    __rt_lib_shutdown_cpp_1                  0x00000225   Thumb Code     0  libshutdown2.o(.ARM.Collect$$libshutdown$$00000002)
    __rt_lib_shutdown_fp_trap_1              0x00000225   Thumb Code     0  libshutdown2.o(.ARM.Collect$$libshutdown$$00000007)
    __rt_lib_shutdown_heap_1                 0x00000225   Thumb Code     0  libshutdown2.o(.ARM.Collect$$libshutdown$$0000000F)
    __rt_lib_shutdown_return                 0x00000225   Thumb Code     0  libshutdown2.o(.ARM.Collect$$libshutdown$$00000010)
    __rt_lib_shutdown_signal_1               0x00000225   Thumb Code     0  libshutdown2.o(.ARM.Collect$$libshutdown$$0000000A)
    __rt_lib_shutdown_stdio_1                0x00000225   Thumb Code     0  libshutdown2.o(.ARM.Collect$$libshutdown$$00000004)
    __rt_lib_shutdown_user_alloc_1           0x00000225   Thumb Code     0  libshutdown2.o(.ARM.Collect$$libshutdown$$0000000C)
    __rt_entry                               0x00000227   Thumb Code     0  __rtentry.o(.ARM.Collect$$rtentry$$00000000)
    __rt_entry_presh_1                       0x00000227   Thumb Code     0  __rtentry2.o(.ARM.Collect$$rtentry$$00000002)
    __rt_entry_sh                            0x00000227   Thumb Code     0  __rtentry4.o(.ARM.Collect$$rtentry$$00000004)
    __rt_entry_li                            0x0000022d   Thumb Code     0  __rtentry2.o(.ARM.Collect$$rtentry$$0000000A)
    __rt_entry_postsh_1                      0x0000022d   Thumb Code     0  __rtentry2.o(.ARM.Collect$$rtentry$$00000009)
    __rt_entry_main                          0x00000231   Thumb Code     0  __rtentry2.o(.ARM.Collect$$rtentry$$0000000D)
    __rt_entry_postli_1                      0x00000231   Thumb Code     0  __rtentry2.o(.ARM.Collect$$rtentry$$0000000C)
    __rt_exit                                0x00000239   Thumb Code     0  rtexit.o(.ARM.Collect$$rtexit$$00000000)
    __rt_exit_ls                             0x0000023b   Thumb Code     0  rtexit2.o(.ARM.Collect$$rtexit$$00000003)
    __rt_exit_prels_1                        0x0000023b   Thumb Code     0  rtexit2.o(.ARM.Collect$$rtexit$$00000002)
    __rt_exit_exit                           0x0000023f   Thumb Code     0  rtexit2.o(.ARM.Collect$$rtexit$$00000004)
    Reset_Handler                            0x00000245   Thumb Code    12  startup_mkl25z4.o(.text)
    NMI_Handler                              0x00000251   Thumb Code     2  startup_mkl25z4.o(.text)
    HardFault_Handler                        0x00000253   Thumb Code     2  startup_mkl25z4.o(.text)
    SVC_Handler                              0x00000255   Thumb Code     2  startup_mkl25z4.o(.text)
    PendSV_Handler                           0x00000257   Thumb Code     2  startup_mkl25z4.o(.text)
    SysTick_Handler                          0x00000259   Thumb Code     2  startup_mkl25z4.o(.text)
    ADC0_IRQHandler                          0x0000025b   Thumb Code     0  startup_mkl25z4.o(.text)
    CMP0_IRQHandler                          0x0000025b   Thumb Code     0  startup_mkl25z4.o(.text)
    DAC0_IRQHandler                          0x0000025b   Thumb Code     0  startup_mkl25z4.o(.text)
    DMA0_IRQHandler                          0x0000025b   Thumb Code     0  startup_mkl25z4.o(.text)
    DMA1_IRQHandler                          0x0000025b   Thumb Code     0  startup_mkl25z4.o(.text)
    DMA2_IRQHandler                          0x0000025b   Thumb Code     0  startup_mkl25z4.o(.text)
    DMA3_IRQHandler                          0x0000025b   Thumb Code     0  startup_mkl25z4.o(.text)
    DefaultISR                               0x0000025b   Thumb Code     0  startup_mkl25z4.o(.text)
    FTFA_IRQHandler                          0x0000025b   Thumb Code     0  startup_mkl25z4.o(.text)
    I2C0_IRQHandler                          0x0000025b   Thumb Code     0  startup_mkl25z4.o(.text)
    I2C1_IRQHandler                          0x0000025b   Thumb Code     0  startup_mkl25z4.o(.text)
    LLWU_IRQHandler                          0x0000025b   Thumb Code     0  startup_mkl25z4.o(.text)
    LPTMR0_IRQHandler                        0x0000025b   Thumb Code     0  startup_mkl25z4.o(.text)
    LVD_LVW_IRQHandler                       0x0000025b   Thumb Code     0  startup_mkl25z4.o(.text)
    MCG_IRQHandler                           0x0000025b   Thumb Code     0  startup_mkl25z4.o(.text)
    PIT_IRQHandler                           0x0000025b   Thumb Code     0  startup_mkl25z4.o(.text)
    PORTA_IRQHandler                         0x0000025b   Thumb Code     0  startup_mkl25z4.o(.text)
    PORTD_IRQHandler                         0x0000025b   Thumb Code     0  startup_mkl25z4.o(.text)
    RTC_IRQHandler                           0x0000025b   Thumb Code     0  startup_mkl25z4.o(.text)
    RTC_Seconds_IRQHandler                   0x0000025b   Thumb Code     0  startup_mkl25z4.o(.text)
    Reserved20_IRQHandler                    0x0000025b   Thumb Code     0  startup_mkl25z4.o(.text)
    Reserved39_IRQHandler                    0x0000025b   Thumb Code     0  startup_mkl25z4.o(.text)
    Reserved45_IRQHandler                    0x0000025b   Thumb Code     0  startup_mkl25z4.o(.text)
    SPI0_IRQHandler                          0x0000025b   Thumb Code     0  startup_mkl25z4.o(.text)
    SPI1_IRQHandler                          0x0000025b   Thumb Code     0  startup_mkl25z4.o(.text)
    TPM0_IRQHandler                          0x0000025b   Thumb Code     0  startup_mkl25z4.o(.text)
    TPM1_IRQHandler                          0x0000025b   Thumb Code     0  startup_mkl25z4.o(.text)
    TPM2_IRQHandler                          0x0000025b   Thumb Code     0  startup_mkl25z4.o(.text)
    TSI0_IRQHandler                          0x0000025b   Thumb Code     0  startup_mkl25z4.o(.text)
    UART0_IRQHandler                         0x0000025b   Thumb Code     0  startup_mkl25z4.o(.text)
    UART1_IRQHandler                         0x0000025b   Thumb Code     0  startup_mkl25z4.o(.text)
    UART2_IRQHandler                         0x0000025b   Thumb Code     0  startup_mkl25z4.o(.text)
    USB0_IRQHandler                          0x0000025b   Thumb Code     0  startup_mkl25z4.o(.text)
    __user_initial_stackheap                 0x00000261   Thumb Code     0  startup_mkl25z4.o(.text)
    sprintf                                  0x00000285   Thumb Code    40  sprintf.o(.text)
    __use_two_region_memory                  0x000002b1   Thumb Code     2  heapauxi.o(.text)
    __rt_heap_escrow$2region                 0x000002b3   Thumb Code     2  heapauxi.o(.text)
    __rt_heap_expand$2region                 0x000002b5   Thumb Code     2  heapauxi.o(.text)
    _printf_pre_padding                      0x000002b7   Thumb Code    44  _printf_pad.o(.text)
    _printf_post_padding                     0x000002e3   Thumb Code    34  _printf_pad.o(.text)
    _printf_truncate_signed                  0x00000305   Thumb Code    18  _printf_truncate.o(.text)
    _printf_truncate_unsigned                0x00000317   Thumb Code    18  _printf_truncate.o(.text)
    _printf_str                              0x00000329   Thumb Code    82  _printf_str.o(.text)
    _printf_int_dec                          0x0000037d   Thumb Code    90  _printf_dec.o(.text)
    _sputc                                   0x000003e9   Thumb Code    10  _sputc.o(.text)
    __rt_locale                              0x000003f5   Thumb Code     8  rt_locale_intlibspace.o(.text)
    __I$use$semihosting                      0x000003fd   Thumb Code     0  use_no_semi.o(.text)
    __use_no_semihosting_swi                 0x000003fd   Thumb Code     2  use_no_semi.o(.text)
    __I$use$fp                               0x000003fe   Number         0  usenofp.o(x$fpl$usenofp)
    __semihosting_library_function           0x000003ff   Thumb Code     0  indicate_semi.o(.text)
    __aeabi_uidiv                            0x00000411   Thumb Code     0  aeabi_sdiv.o(.text)
    __aeabi_uidivmod                         0x00000411   Thumb Code    20  aeabi_sdiv.o(.text)
    __aeabi_idiv                             0x00000425   Thumb Code     0  aeabi_sdiv.o(.text)
    __aeabi_idivmod                          0x00000425   Thumb Code   338  aeabi_sdiv.o(.text)
    _printf_charcount                        0x0000057d   Thumb Code    38  _printf_charcount.o(.text)
    _printf_char_common                      0x000005af   Thumb Code    32  _printf_char_common.o(.text)
    _printf_wctomb                           0x000005d5   Thumb Code   182  _printf_wctomb.o(.text)
    _printf_longlong_dec                     0x00000691   Thumb Code    94  _printf_longlong_dec.o(.text)
    _printf_longlong_oct                     0x00000701   Thumb Code    68  _printf_oct_int_ll.o(.text)
    _printf_int_oct                          0x00000745   Thumb Code    24  _printf_oct_int_ll.o(.text)
    _printf_ll_oct                           0x0000075d   Thumb Code    10  _printf_oct_int_ll.o(.text)
    _printf_longlong_hex                     0x00000771   Thumb Code    88  _printf_hex_int_ll_ptr.o(.text)
    _printf_int_hex                          0x000007c9   Thumb Code    28  _printf_hex_int_ll_ptr.o(.text)
    _printf_ll_hex                           0x000007e5   Thumb Code    10  _printf_hex_int_ll_ptr.o(.text)
    _printf_hex_ptr                          0x000007ef   Thumb Code    22  _printf_hex_int_ll_ptr.o(.text)
    __printf                                 0x00000809   Thumb Code   386  __printf_flags_ss_wp.o(.text)
    _ll_udiv10                               0x00000991   Thumb Code   122  lludiv10.o(.text)
    _printf_int_common                       0x00000a0b   Thumb Code   176  _printf_intcommon.o(.text)
    _printf_fp_dec_real                      0x00000c59   Thumb Code   620  _printf_fp_dec.o(.text)
    _printf_fp_hex_real                      0x00000ed1   Thumb Code   718  _printf_fp_hex.o(.text)
    _printf_cs_common                        0x000011a9   Thumb Code    22  _printf_char.o(.text)
    _printf_char                             0x000011bf   Thumb Code    16  _printf_char.o(.text)
    _printf_string                           0x000011cf   Thumb Code     8  _printf_char.o(.text)
    _printf_lcs_common                       0x000011d7   Thumb Code    22  _printf_wchar.o(.text)
    _printf_wchar                            0x000011ed   Thumb Code    16  _printf_wchar.o(.text)
    _printf_wstring                          0x000011fd   Thumb Code     8  _printf_wchar.o(.text)
    _c16rtomb                                0x00001205   Thumb Code    66  _c16rtomb.o(.text)
    _wcrtomb                                 0x00001205   Thumb Code     0  _c16rtomb.o(.text)
    __rt_udiv10                              0x00001247   Thumb Code    40  rtudiv10.o(.text)
    __user_setup_stackheap                   0x0000126f   Thumb Code    62  sys_stackheap_outer.o(.text)
    __rt_ctype_table                         0x000012ad   Thumb Code    16  rt_ctype_table.o(.text)
    _printf_fp_infnan                        0x000012bd   Thumb Code   120  _printf_fp_infnan.o(.text)
    _btod_etento                             0x00001345   Thumb Code   210  bigflt0.o(.text)
    _btod_d2e                                0x0000141d   Thumb Code    64  btod.o(.text)
    _btod_emul                               0x00001851   Thumb Code    28  btod.o(.text)
    _btod_emuld                              0x0000186d   Thumb Code   144  btod.o(.text)
    _btod_ediv                               0x000018fd   Thumb Code    26  btod.o(.text)
    _btod_edivd                              0x00001917   Thumb Code   124  btod.o(.text)
    exit                                     0x0000199d   Thumb Code    16  exit.o(.text)
    __user_libspace                          0x000019ad   Thumb Code     8  libspace.o(.text)
    __user_perproc_libspace                  0x000019ad   Thumb Code     0  libspace.o(.text)
    __user_perthread_libspace                0x000019ad   Thumb Code     0  libspace.o(.text)
    strcmp                                   0x000019b5   Thumb Code   132  strcmp.o(.text)
    _sys_exit                                0x00001a3d   Thumb Code     8  sys_exit.o(.text)
    Delay                                    0x00001a49   Thumb Code    24  tutorial.o(.text.Delay)
    LCD_command                              0x00001a61   Thumb Code    56  tutorial.o(.text.LCD_command)
    LCD_data                                 0x00001a99   Thumb Code    60  tutorial.o(.text.LCD_data)
    LCD_init                                 0x00001ad9   Thumb Code   112  tutorial.o(.text.LCD_init)
    LCD_ready                                0x00001b79   Thumb Code   104  tutorial.o(.text.LCD_ready)
    SystemInit                               0x00001bf1   Thumb Code     8  system_mkl25z4.o(.text.SystemInit)
    blink                                    0x00001bfd   Thumb Code    72  tutorial.o(.text.blink)
    clear_lcd                                0x00001c61   Thumb Code    86  tutorial.o(.text.clear_lcd)
    gcd                                      0x00001cb7   Thumb Code    44  tutorial.o(.text.gcd)
    generate_keypair                         0x00001ce3   Thumb Code    74  tutorial.o(.text.generate_keypair)
    get_number_from_keypad                   0x00001d2d   Thumb Code   144  tutorial.o(.text.get_number_from_keypad)
    keypad_getkey                            0x00001dd1   Thumb Code   244  tutorial.o(.text.keypad_getkey)
    keypad_init                              0x00001ed1   Thumb Code    56  tutorial.o(.text.keypad_init)
    main                                     0x00001f31   Thumb Code   280  tutorial.o(.text.main)
    mod_inverse                              0x00002069   Thumb Code   110  tutorial.o(.text.mod_inverse)
    power                                    0x000020d7   Thumb Code   120  tutorial.o(.text.power)
    print_fnc                                0x0000214f   Thumb Code    46  tutorial.o(.text.print_fnc)
    __ARM_common_ll_muluu                    0x0000217d   Thumb Code    48  btod.o(i.__ARM_common_ll_muluu)
    __ARM_fpclassify                         0x000021ad   Thumb Code    40  fpclassify.o(i.__ARM_fpclassify)
    _is_digit                                0x000021d9   Thumb Code    14  __printf_wp.o(i._is_digit)
    _get_lc_numeric                          0x000021e9   Thumb Code    44  lc_numeric_c.o(locale$$code)
    _get_lc_ctype                            0x00002215   Thumb Code    44  lc_ctype_c.o(locale$$code)
    _printf_fp_dec                           0x00002241   Thumb Code    16  printf1.o(x$fpl$printf1)
    _printf_fp_hex                           0x00002251   Thumb Code    16  printf2.o(x$fpl$printf2)
    Region$$Table$$Base                      0x000023b0   Number         0  anon$$obj.o(Region$$Table)
    Region$$Table$$Limit                     0x000023c0   Number         0  anon$$obj.o(Region$$Table)
    __ctype                                  0x000023e9   Data           0  lc_ctype_c.o(locale$$data)
    __libspace_start                         0x1ffff000   Data          96  libspace.o(.bss)
    __temporary_stack_top$libspace           0x1ffff060   Data           0  libspace.o(.bss)



==============================================================================

Memory Map of the image

  Image Entry point : 0x00000245

  Load Region LR_1 (Base: 0x00000000, Size: 0x000024ec, Max: 0xffffffff, ABSOLUTE)

    Execution Region ER_RO (Exec base: 0x00000000, Load base: 0x00000000, Size: 0x000024ec, Max: 0xffffffff, ABSOLUTE)

    Exec Addr    Load Addr    Size         Type   Attr      Idx    E Section Name        Object

    0x00000000   0x00000000   0x000000c0   Data   RO           50    RESET               startup_mkl25z4.o
    0x000000c0   0x000000c0   0x00000008   Code   RO           82  * !!!main             c_p.l(__main.o)
    0x000000c8   0x000000c8   0x0000003c   Code   RO          427    !!!scatter          c_p.l(__scatter.o)
    0x00000104   0x00000104   0x0000001c   Code   RO          429    !!handler_zi        c_p.l(__scatter_zi.o)
    0x00000120   0x00000120   0x00000002   Code   RO          182    .ARM.Collect$$_printf_percent$$00000000  c_p.l(_printf_percent.o)
    0x00000122   0x00000122   0x0000000a   Code   RO          171    .ARM.Collect$$_printf_percent$$00000001  c_p.l(_printf_n.o)
    0x0000012c   0x0000012c   0x0000000a   Code   RO          173    .ARM.Collect$$_printf_percent$$00000002  c_p.l(_printf_p.o)
    0x00000136   0x00000136   0x0000000a   Code   RO          178    .ARM.Collect$$_printf_percent$$00000003  c_p.l(_printf_f.o)
    0x00000140   0x00000140   0x0000000a   Code   RO          179    .ARM.Collect$$_printf_percent$$00000004  c_p.l(_printf_e.o)
    0x0000014a   0x0000014a   0x0000000a   Code   RO          180    .ARM.Collect$$_printf_percent$$00000005  c_p.l(_printf_g.o)
    0x00000154   0x00000154   0x0000000a   Code   RO          181    .ARM.Collect$$_printf_percent$$00000006  c_p.l(_printf_a.o)
    0x0000015e   0x0000015e   0x0000000a   Code   RO          186    .ARM.Collect$$_printf_percent$$00000007  c_p.l(_printf_ll.o)
    0x00000168   0x00000168   0x0000000a   Code   RO          175    .ARM.Collect$$_printf_percent$$00000008  c_p.l(_printf_i.o)
    0x00000172   0x00000172   0x0000000a   Code   RO          176    .ARM.Collect$$_printf_percent$$00000009  c_p.l(_printf_d.o)
    0x0000017c   0x0000017c   0x0000000a   Code   RO          177    .ARM.Collect$$_printf_percent$$0000000A  c_p.l(_printf_u.o)
    0x00000186   0x00000186   0x0000000a   Code   RO          174    .ARM.Collect$$_printf_percent$$0000000B  c_p.l(_printf_o.o)
    0x00000190   0x00000190   0x0000000a   Code   RO          172    .ARM.Collect$$_printf_percent$$0000000C  c_p.l(_printf_x.o)
    0x0000019a   0x0000019a   0x0000000a   Code   RO          183    .ARM.Collect$$_printf_percent$$0000000D  c_p.l(_printf_lli.o)
    0x000001a4   0x000001a4   0x0000000a   Code   RO          184    .ARM.Collect$$_printf_percent$$0000000E  c_p.l(_printf_lld.o)
    0x000001ae   0x000001ae   0x0000000a   Code   RO          185    .ARM.Collect$$_printf_percent$$0000000F  c_p.l(_printf_llu.o)
    0x000001b8   0x000001b8   0x0000000a   Code   RO          190    .ARM.Collect$$_printf_percent$$00000010  c_p.l(_printf_llo.o)
    0x000001c2   0x000001c2   0x0000000a   Code   RO          191    .ARM.Collect$$_printf_percent$$00000011  c_p.l(_printf_llx.o)
    0x000001cc   0x000001cc   0x0000000a   Code   RO          187    .ARM.Collect$$_printf_percent$$00000012  c_p.l(_printf_l.o)
    0x000001d6   0x000001d6   0x0000000a   Code   RO          169    .ARM.Collect$$_printf_percent$$00000013  c_p.l(_printf_c.o)
    0x000001e0   0x000001e0   0x0000000a   Code   RO          170    .ARM.Collect$$_printf_percent$$00000014  c_p.l(_printf_s.o)
    0x000001ea   0x000001ea   0x0000000a   Code   RO          188    .ARM.Collect$$_printf_percent$$00000015  c_p.l(_printf_lc.o)
    0x000001f4   0x000001f4   0x0000000a   Code   RO          189    .ARM.Collect$$_printf_percent$$00000016  c_p.l(_printf_ls.o)
    0x000001fe   0x000001fe   0x00000004   Code   RO          235    .ARM.Collect$$_printf_percent$$00000017  c_p.l(_printf_percent_end.o)
    0x00000202   0x00000202   0x00000002   Code   RO          275    .ARM.Collect$$libinit$$00000000  c_p.l(libinit.o)
    0x00000204   0x00000204   0x00000000   Code   RO          300    .ARM.Collect$$libinit$$00000002  c_p.l(libinit2.o)
    0x00000204   0x00000204   0x00000000   Code   RO          302    .ARM.Collect$$libinit$$00000004  c_p.l(libinit2.o)
    0x00000204   0x00000204   0x00000000   Code   RO          304    .ARM.Collect$$libinit$$00000006  c_p.l(libinit2.o)
    0x00000204   0x00000204   0x00000000   Code   RO          307    .ARM.Collect$$libinit$$0000000C  c_p.l(libinit2.o)
    0x00000204   0x00000204   0x00000000   Code   RO          309    .ARM.Collect$$libinit$$0000000E  c_p.l(libinit2.o)
    0x00000204   0x00000204   0x00000000   Code   RO          311    .ARM.Collect$$libinit$$00000010  c_p.l(libinit2.o)
    0x00000204   0x00000204   0x00000006   Code   RO          312    .ARM.Collect$$libinit$$00000011  c_p.l(libinit2.o)
    0x0000020a   0x0000020a   0x00000000   Code   RO          314    .ARM.Collect$$libinit$$00000013  c_p.l(libinit2.o)
    0x0000020a   0x0000020a   0x0000000c   Code   RO          315    .ARM.Collect$$libinit$$00000014  c_p.l(libinit2.o)
    0x00000216   0x00000216   0x00000000   Code   RO          316    .ARM.Collect$$libinit$$00000015  c_p.l(libinit2.o)
    0x00000216   0x00000216   0x00000000   Code   RO          318    .ARM.Collect$$libinit$$00000017  c_p.l(libinit2.o)
    0x00000216   0x00000216   0x0000000a   Code   RO          319    .ARM.Collect$$libinit$$00000018  c_p.l(libinit2.o)
    0x00000220   0x00000220   0x00000000   Code   RO          320    .ARM.Collect$$libinit$$00000019  c_p.l(libinit2.o)
    0x00000220   0x00000220   0x00000000   Code   RO          322    .ARM.Collect$$libinit$$0000001B  c_p.l(libinit2.o)
    0x00000220   0x00000220   0x00000000   Code   RO          324    .ARM.Collect$$libinit$$0000001D  c_p.l(libinit2.o)
    0x00000220   0x00000220   0x00000000   Code   RO          326    .ARM.Collect$$libinit$$0000001F  c_p.l(libinit2.o)
    0x00000220   0x00000220   0x00000000   Code   RO          328    .ARM.Collect$$libinit$$00000021  c_p.l(libinit2.o)
    0x00000220   0x00000220   0x00000000   Code   RO          330    .ARM.Collect$$libinit$$00000023  c_p.l(libinit2.o)
    0x00000220   0x00000220   0x00000000   Code   RO          332    .ARM.Collect$$libinit$$00000025  c_p.l(libinit2.o)
    0x00000220   0x00000220   0x00000000   Code   RO          334    .ARM.Collect$$libinit$$00000027  c_p.l(libinit2.o)
    0x00000220   0x00000220   0x00000000   Code   RO          338    .ARM.Collect$$libinit$$0000002E  c_p.l(libinit2.o)
    0x00000220   0x00000220   0x00000000   Code   RO          340    .ARM.Collect$$libinit$$00000030  c_p.l(libinit2.o)
    0x00000220   0x00000220   0x00000000   Code   RO          342    .ARM.Collect$$libinit$$00000032  c_p.l(libinit2.o)
    0x00000220   0x00000220   0x00000000   Code   RO          344    .ARM.Collect$$libinit$$00000034  c_p.l(libinit2.o)
    0x00000220   0x00000220   0x00000002   Code   RO          345    .ARM.Collect$$libinit$$00000035  c_p.l(libinit2.o)
    0x00000222   0x00000222   0x00000002   Code   RO          382    .ARM.Collect$$libshutdown$$00000000  c_p.l(libshutdown.o)
    0x00000224   0x00000224   0x00000000   Code   RO          410    .ARM.Collect$$libshutdown$$00000002  c_p.l(libshutdown2.o)
    0x00000224   0x00000224   0x00000000   Code   RO          412    .ARM.Collect$$libshutdown$$00000004  c_p.l(libshutdown2.o)
    0x00000224   0x00000224   0x00000000   Code   RO          415    .ARM.Collect$$libshutdown$$00000007  c_p.l(libshutdown2.o)
    0x00000224   0x00000224   0x00000000   Code   RO          418    .ARM.Collect$$libshutdown$$0000000A  c_p.l(libshutdown2.o)
    0x00000224   0x00000224   0x00000000   Code   RO          420    .ARM.Collect$$libshutdown$$0000000C  c_p.l(libshutdown2.o)
    0x00000224   0x00000224   0x00000000   Code   RO          423    .ARM.Collect$$libshutdown$$0000000F  c_p.l(libshutdown2.o)
    0x00000224   0x00000224   0x00000002   Code   RO          424    .ARM.Collect$$libshutdown$$00000010  c_p.l(libshutdown2.o)
    0x00000226   0x00000226   0x00000000   Code   RO           96    .ARM.Collect$$rtentry$$00000000  c_p.l(__rtentry.o)
    0x00000226   0x00000226   0x00000000   Code   RO          202    .ARM.Collect$$rtentry$$00000002  c_p.l(__rtentry2.o)
    0x00000226   0x00000226   0x00000006   Code   RO          214    .ARM.Collect$$rtentry$$00000004  c_p.l(__rtentry4.o)
    0x0000022c   0x0000022c   0x00000000   Code   RO          204    .ARM.Collect$$rtentry$$00000009  c_p.l(__rtentry2.o)
    0x0000022c   0x0000022c   0x00000004   Code   RO          205    .ARM.Collect$$rtentry$$0000000A  c_p.l(__rtentry2.o)
    0x00000230   0x00000230   0x00000000   Code   RO          207    .ARM.Collect$$rtentry$$0000000C  c_p.l(__rtentry2.o)
    0x00000230   0x00000230   0x00000008   Code   RO          208    .ARM.Collect$$rtentry$$0000000D  c_p.l(__rtentry2.o)
    0x00000238   0x00000238   0x00000002   Code   RO          284    .ARM.Collect$$rtexit$$00000000  c_p.l(rtexit.o)
    0x0000023a   0x0000023a   0x00000000   Code   RO          351    .ARM.Collect$$rtexit$$00000002  c_p.l(rtexit2.o)
    0x0000023a   0x0000023a   0x00000004   Code   RO          352    .ARM.Collect$$rtexit$$00000003  c_p.l(rtexit2.o)
    0x0000023e   0x0000023e   0x00000006   Code   RO          353    .ARM.Collect$$rtexit$$00000004  c_p.l(rtexit2.o)
    0x00000244   0x00000244   0x00000040   Code   RO           52  * .text               startup_mkl25z4.o
    0x00000284   0x00000284   0x0000002c   Code   RO           74    .text               c_p.l(sprintf.o)
    0x000002b0   0x000002b0   0x00000006   Code   RO           80    .text               c_p.l(heapauxi.o)
    0x000002b6   0x000002b6   0x0000004e   Code   RO          103    .text               c_p.l(_printf_pad.o)
    0x00000304   0x00000304   0x00000024   Code   RO          105    .text               c_p.l(_printf_truncate.o)
    0x00000328   0x00000328   0x00000052   Code   RO          107    .text               c_p.l(_printf_str.o)
    0x0000037a   0x0000037a   0x00000002   PAD
    0x0000037c   0x0000037c   0x0000006c   Code   RO          109    .text               c_p.l(_printf_dec.o)
    0x000003e8   0x000003e8   0x0000000a   Code   RO          115    .text               c_p.l(_sputc.o)
    0x000003f2   0x000003f2   0x00000002   PAD
    0x000003f4   0x000003f4   0x00000008   Code   RO          248    .text               c_p.l(rt_locale_intlibspace.o)
    0x000003fc   0x000003fc   0x00000002   Code   RO          371    .text               c_p.l(use_no_semi.o)
    0x000003fe   0x000003fe   0x00000000   Code   RO          373    .text               c_p.l(indicate_semi.o)
    0x000003fe   0x000003fe   0x00000000   Code   RO          200    x$fpl$usenofp       fz_ps.l(usenofp.o)
    0x000003fe   0x000003fe   0x00000002   PAD
    0x00000400   0x00000400   0x00000010   Code   RO           51    .ARM.__at_0x400     startup_mkl25z4.o
    0x00000410   0x00000410   0x0000016c   Code   RO           76    .text               c_p.l(aeabi_sdiv.o)
    0x0000057c   0x0000057c   0x00000026   Code   RO          111    .text               c_p.l(_printf_charcount.o)
    0x000005a2   0x000005a2   0x00000002   PAD
    0x000005a4   0x000005a4   0x00000030   Code   RO          113    .text               c_p.l(_printf_char_common.o)
    0x000005d4   0x000005d4   0x000000bc   Code   RO          117    .text               c_p.l(_printf_wctomb.o)
    0x00000690   0x00000690   0x00000070   Code   RO          120    .text               c_p.l(_printf_longlong_dec.o)
    0x00000700   0x00000700   0x00000070   Code   RO          126    .text               c_p.l(_printf_oct_int_ll.o)
    0x00000770   0x00000770   0x00000098   Code   RO          146    .text               c_p.l(_printf_hex_int_ll_ptr.o)
    0x00000808   0x00000808   0x00000188   Code   RO          166    .text               c_p.l(__printf_flags_ss_wp.o)
    0x00000990   0x00000990   0x0000007a   Code   RO          218    .text               c_p.l(lludiv10.o)
    0x00000a0a   0x00000a0a   0x000000b0   Code   RO          220    .text               c_p.l(_printf_intcommon.o)
    0x00000aba   0x00000aba   0x00000002   PAD
    0x00000abc   0x00000abc   0x00000414   Code   RO          222    .text               c_p.l(_printf_fp_dec.o)
    0x00000ed0   0x00000ed0   0x000002d8   Code   RO          226    .text               c_p.l(_printf_fp_hex.o)
    0x000011a8   0x000011a8   0x0000002e   Code   RO          231    .text               c_p.l(_printf_char.o)
    0x000011d6   0x000011d6   0x0000002e   Code   RO          233    .text               c_p.l(_printf_wchar.o)
    0x00001204   0x00001204   0x00000042   Code   RO          236    .text               c_p.l(_c16rtomb.o)
    0x00001246   0x00001246   0x00000028   Code   RO          238    .text               c_p.l(rtudiv10.o)
    0x0000126e   0x0000126e   0x0000003e   Code   RO          240    .text               c_p.l(sys_stackheap_outer.o)
    0x000012ac   0x000012ac   0x00000010   Code   RO          243    .text               c_p.l(rt_ctype_table.o)
    0x000012bc   0x000012bc   0x00000088   Code   RO          250    .text               c_p.l(_printf_fp_infnan.o)
    0x00001344   0x00001344   0x000000d8   Code   RO          252    .text               c_p.l(bigflt0.o)
    0x0000141c   0x0000141c   0x00000580   Code   RO          255    .text               c_p.l(btod.o)
    0x0000199c   0x0000199c   0x00000010   Code   RO          264    .text               c_p.l(exit.o)
    0x000019ac   0x000019ac   0x00000008   Code   RO          280    .text               c_p.l(libspace.o)
    0x000019b4   0x000019b4   0x00000088   Code   RO          297    .text               c_p.l(strcmp.o)
    0x00001a3c   0x00001a3c   0x0000000c   Code   RO          346    .text               c_p.l(sys_exit.o)
    0x00001a48   0x00001a48   0x00000018   Code   RO            4    .text.Delay         tutorial.o
    0x00001a60   0x00001a60   0x00000038   Code   RO           20    .text.LCD_command   tutorial.o
    0x00001a98   0x00001a98   0x00000040   Code   RO            8    .text.LCD_data      tutorial.o
    0x00001ad8   0x00001ad8   0x000000a0   Code   RO           22    .text.LCD_init      tutorial.o
    0x00001b78   0x00001b78   0x00000078   Code   RO           24    .text.LCD_ready     tutorial.o
    0x00001bf0   0x00001bf0   0x0000000c   Code   RO           61    .text.SystemInit    system_mkl25z4.o
    0x00001bfc   0x00001bfc   0x00000064   Code   RO           18    .text.blink         tutorial.o
    0x00001c60   0x00001c60   0x00000056   Code   RO           12    .text.clear_lcd     tutorial.o
    0x00001cb6   0x00001cb6   0x0000002c   Code   RO           34    .text.gcd           tutorial.o
    0x00001ce2   0x00001ce2   0x0000004a   Code   RO           30    .text.generate_keypair  tutorial.o
    0x00001d2c   0x00001d2c   0x000000a4   Code   RO            2    .text.get_number_from_keypad  tutorial.o
    0x00001dd0   0x00001dd0   0x00000100   Code   RO            6    .text.keypad_getkey  tutorial.o
    0x00001ed0   0x00001ed0   0x00000060   Code   RO           26    .text.keypad_init   tutorial.o
    0x00001f30   0x00001f30   0x00000138   Code   RO           28    .text.main          tutorial.o
    0x00002068   0x00002068   0x0000006e   Code   RO           36    .text.mod_inverse   tutorial.o
    0x000020d6   0x000020d6   0x00000078   Code   RO           32    .text.power         tutorial.o
    0x0000214e   0x0000214e   0x0000002e   Code   RO           14    .text.print_fnc     tutorial.o
    0x0000217c   0x0000217c   0x00000030   Code   RO          257    i.__ARM_common_ll_muluu  c_p.l(btod.o)
    0x000021ac   0x000021ac   0x0000002c   Code   RO          278    i.__ARM_fpclassify  m_ps.l(fpclassify.o)
    0x000021d8   0x000021d8   0x0000000e   Code   RO          159    i._is_digit         c_p.l(__printf_wp.o)
    0x000021e6   0x000021e6   0x00000002   PAD
    0x000021e8   0x000021e8   0x0000002c   Code   RO          262    locale$$code        c_p.l(lc_numeric_c.o)
    0x00002214   0x00002214   0x0000002c   Code   RO          291    locale$$code        c_p.l(lc_ctype_c.o)
    0x00002240   0x00002240   0x00000010   Code   RO          192    x$fpl$printf1       fz_ps.l(printf1.o)
    0x00002250   0x00002250   0x00000010   Code   RO          194    x$fpl$printf2       fz_ps.l(printf2.o)
    0x00002260   0x00002260   0x00000008   Data   RO          118    .constdata          c_p.l(_printf_wctomb.o)
    0x00002268   0x00002268   0x00000028   Data   RO          147    .constdata          c_p.l(_printf_hex_int_ll_ptr.o)
    0x00002290   0x00002290   0x00000011   Data   RO          167    .constdata          c_p.l(__printf_flags_ss_wp.o)
    0x000022a1   0x000022a1   0x00000026   Data   RO          227    .constdata          c_p.l(_printf_fp_hex.o)
    0x000022c7   0x000022c7   0x00000001   PAD
    0x000022c8   0x000022c8   0x00000094   Data   RO          253    .constdata          c_p.l(bigflt0.o)
    0x0000235c   0x0000235c   0x00000054   Data   RO           40    .rodata.str1.1      tutorial.o
    0x000023b0   0x000023b0   0x00000010   Data   RO          426    Region$$Table       anon$$obj.o
    0x000023c0   0x000023c0   0x0000001c   Data   RO          261    locale$$data        c_p.l(lc_numeric_c.o)
    0x000023dc   0x000023dc   0x00000110   Data   RO          290    locale$$data        c_p.l(lc_ctype_c.o)


    Execution Region ER_RW (Exec base: 0x1ffff000, Load base: 0x000024ec, Size: 0x00000000, Max: 0xffffffff, ABSOLUTE)

    **** No section assigned to this execution region ****


    Execution Region ER_ZI (Exec base: 0x1ffff000, Load base: 0x000024ec, Size: 0x00000160, Max: 0xffffffff, ABSOLUTE)

    Exec Addr    Load Addr    Size         Type   Attr      Idx    E Section Name        Object

    0x1ffff000        -       0x00000060   Zero   RW          281    .bss                c_p.l(libspace.o)
    0x1ffff060        -       0x00000000   Zero   RW           49    HEAP                startup_mkl25z4.o
    0x1ffff060        -       0x00000100   Zero   RW           48    STACK               startup_mkl25z4.o


==============================================================================

Image component sizes


      Code (inc. data)   RO Data    RW Data    ZI Data      Debug   Object Name

        80         44        192          0        256        880   startup_mkl25z4.o
        12          4          0          0          0       2532   system_mkl25z4.o
      1832        200         84          0          0       6641   tutorial.o

    ----------------------------------------------------------------------
      1924        248        292          0        256      10053   Object Totals
         0          0         16          0          0          0   (incl. Generated)
         0          0          0          0          0          0   (incl. Padding)

    ----------------------------------------------------------------------

      Code (inc. data)   RO Data    RW Data    ZI Data      Debug   Library Member Name

         8          0          0          0          0         68   __main.o
       392          6         17          0          0         76   __printf_flags_ss_wp.o
        14          0          0          0          0         60   __printf_wp.o
         0          0          0          0          0          0   __rtentry.o
        12          0          0          0          0          0   __rtentry2.o
         6          0          0          0          0          0   __rtentry4.o
        60          8          0          0          0          0   __scatter.o
        28          0          0          0          0          0   __scatter_zi.o
        66          0          0          0          0         76   _c16rtomb.o
        10          0          0          0          0          0   _printf_a.o
        10          0          0          0          0          0   _printf_c.o
        46          0          0          0          0        100   _printf_char.o
        48          6          0          0          0         88   _printf_char_common.o
        38          0          0          0          0         60   _printf_charcount.o
        10          0          0          0          0          0   _printf_d.o
       108         18          0          0          0         76   _printf_dec.o
        10          0          0          0          0          0   _printf_e.o
        10          0          0          0          0          0   _printf_f.o
      1044         12          0          0          0        116   _printf_fp_dec.o
       728         10         38          0          0         84   _printf_fp_hex.o
       136         16          0          0          0         76   _printf_fp_infnan.o
        10          0          0          0          0          0   _printf_g.o
       152          4         40          0          0        148   _printf_hex_int_ll_ptr.o
        10          0          0          0          0          0   _printf_i.o
       176          0          0          0          0         84   _printf_intcommon.o
        10          0          0          0          0          0   _printf_l.o
        10          0          0          0          0          0   _printf_lc.o
        10          0          0          0          0          0   _printf_ll.o
        10          0          0          0          0          0   _printf_lld.o
        10          0          0          0          0          0   _printf_lli.o
        10          0          0          0          0          0   _printf_llo.o
        10          0          0          0          0          0   _printf_llu.o
        10          0          0          0          0          0   _printf_llx.o
       112         18          0          0          0         76   _printf_longlong_dec.o
        10          0          0          0          0          0   _printf_ls.o
        10          0          0          0          0          0   _printf_n.o
        10          0          0          0          0          0   _printf_o.o
       112         10          0          0          0        112   _printf_oct_int_ll.o
        10          0          0          0          0          0   _printf_p.o
        78          0          0          0          0        100   _printf_pad.o
         2          0          0          0          0          0   _printf_percent.o
         4          0          0          0          0          0   _printf_percent_end.o
        10          0          0          0          0          0   _printf_s.o
        82          0          0          0          0         72   _printf_str.o
        36          0          0          0          0         76   _printf_truncate.o
        10          0          0          0          0          0   _printf_u.o
        46          0          0          0          0        100   _printf_wchar.o
       188          6          8          0          0         80   _printf_wctomb.o
        10          0          0          0          0          0   _printf_x.o
        10          0          0          0          0         60   _sputc.o
       364          4          0          0          0         92   aeabi_sdiv.o
       216          6        148          0          0         80   bigflt0.o
      1456         30          0          0          0        336   btod.o
        16          0          0          0          0         68   exit.o
         6          0          0          0          0        136   heapauxi.o
         0          0          0          0          0          0   indicate_semi.o
        44         10        272          0          0         76   lc_ctype_c.o
        44         10         28          0          0         76   lc_numeric_c.o
         2          0          0          0          0          0   libinit.o
        30          0          0          0          0          0   libinit2.o
         2          0          0          0          0          0   libshutdown.o
         2          0          0          0          0          0   libshutdown2.o
         8          4          0          0         96         68   libspace.o
       122          0          0          0          0         72   lludiv10.o
        16          4          0          0          0         76   rt_ctype_table.o
         8          4          0          0          0         68   rt_locale_intlibspace.o
         2          0          0          0          0          0   rtexit.o
        10          0          0          0          0          0   rtexit2.o
        40          0          0          0          0         60   rtudiv10.o
        44          4          0          0          0         84   sprintf.o
       136          4          0          0          0         72   strcmp.o
        12          4          0          0          0         60   sys_exit.o
        62          0          0          0          0         80   sys_stackheap_outer.o
         2          0          0          0          0         68   use_no_semi.o
        16          4          0          0          0         76   printf1.o
        16          4          0          0          0         76   printf2.o
         0          0          0          0          0          0   usenofp.o
        44          4          0          0          0         60   fpclassify.o

    ----------------------------------------------------------------------
      6684        210        552          0         96       3572   Library Totals
        12          0          1          0          0          0   (incl. Padding)

    ----------------------------------------------------------------------

      Code (inc. data)   RO Data    RW Data    ZI Data      Debug   Library Name

      6596        198        551          0         96       3360   c_p.l
        32          8          0          0          0        152   fz_ps.l
        44          4          0          0          0         60   m_ps.l

    ----------------------------------------------------------------------
      6684        210        552          0         96       3572   Library Totals

    ----------------------------------------------------------------------

==============================================================================


      Code (inc. data)   RO Data    RW Data    ZI Data      Debug   

      8608        458        844          0        352      11849   Grand Totals
      8608        458        844          0        352      11849   ELF Image Totals
      8608        458        844          0          0          0   ROM Totals

==============================================================================

    Total RO  Size (Code + RO Data)                 9452 (   9.23kB)
    Total RW  Size (RW Data + ZI Data)               352 (   0.34kB)
    Total ROM Size (Code + RO Data + RW Data)       9452 (   9.23kB)

==============================================================================

